Microchip Technology Inc, v2.10 (A)

Tool Name:
  /opt/microchip/xc16/v2.10/bin/bin/../bin/elf-ld

Command:
  -p24FJ64GA002 \
  -o \
  /root/Dropbox/EMIC/TARGETS/luciano.rottoli__rfindustrial.com/PruebasModulos/HDR_E-CRYS-B_HYT_1/dist/production/target.production.elf \
  -L/opt/microchip/xc16/v2.10/bin/bin/.. \
  -L/opt/microchip/xc16/v2.10/bin/bin/../../lib \
  -L/opt/microchip/xc16/v2.10/bin/bin/../../support/PIC24E/gld \
  -L/opt/microchip/xc16/v2.10/bin/bin/../../support/PIC24F/gld \
  -L/opt/microchip/xc16/v2.10/bin/bin/../../support/PIC24H/gld \
  -L/opt/microchip/xc16/v2.10/bin/bin/../../support/dsPIC30F/gld \
  -L/opt/microchip/xc16/v2.10/bin/bin/../../support/dsPIC33C/gld \
  -L/opt/microchip/xc16/v2.10/bin/bin/../../support/dsPIC33E/gld \
  -L/opt/microchip/xc16/v2.10/bin/bin/../../support/dsPIC33F/gld \
  /root/Dropbox/EMIC/TARGETS/luciano.rottoli__rfindustrial.com/PruebasModulos/HDR_E-CRYS-B_HYT_1/build/default/production/timer.o \
  /root/Dropbox/EMIC/TARGETS/luciano.rottoli__rfindustrial.com/PruebasModulos/HDR_E-CRYS-B_HYT_1/build/default/production/systemTimer.o \
  /root/Dropbox/EMIC/TARGETS/luciano.rottoli__rfindustrial.com/PruebasModulos/HDR_E-CRYS-B_HYT_1/build/default/production/led_Led1.o \
  /root/Dropbox/EMIC/TARGETS/luciano.rottoli__rfindustrial.com/PruebasModulos/HDR_E-CRYS-B_HYT_1/build/default/production/led_Led2.o \
  /root/Dropbox/EMIC/TARGETS/luciano.rottoli__rfindustrial.com/PruebasModulos/HDR_E-CRYS-B_HYT_1/build/default/production/led_Led3.o \
  /root/Dropbox/EMIC/TARGETS/luciano.rottoli__rfindustrial.com/PruebasModulos/HDR_E-CRYS-B_HYT_1/build/default/production/timer_api1.o \
  /root/Dropbox/EMIC/TARGETS/luciano.rottoli__rfindustrial.com/PruebasModulos/HDR_E-CRYS-B_HYT_1/build/default/production/streamIn.o \
  /root/Dropbox/EMIC/TARGETS/luciano.rottoli__rfindustrial.com/PruebasModulos/HDR_E-CRYS-B_HYT_1/build/default/production/UART1.o \
  /root/Dropbox/EMIC/TARGETS/luciano.rottoli__rfindustrial.com/PruebasModulos/HDR_E-CRYS-B_HYT_1/build/default/production/stream.o \
  /root/Dropbox/EMIC/TARGETS/luciano.rottoli__rfindustrial.com/PruebasModulos/HDR_E-CRYS-B_HYT_1/build/default/production/Transport.o \
  /root/Dropbox/EMIC/TARGETS/luciano.rottoli__rfindustrial.com/PruebasModulos/HDR_E-CRYS-B_HYT_1/build/default/production/EmicFieldBus.o \
  /root/Dropbox/EMIC/TARGETS/luciano.rottoli__rfindustrial.com/PruebasModulos/HDR_E-CRYS-B_HYT_1/build/default/production/dht_comm.o \
  /root/Dropbox/EMIC/TARGETS/luciano.rottoli__rfindustrial.com/PruebasModulos/HDR_E-CRYS-B_HYT_1/build/default/production/HyT.o \
  /root/Dropbox/EMIC/TARGETS/luciano.rottoli__rfindustrial.com/PruebasModulos/HDR_E-CRYS-B_HYT_1/build/default/production/main.o \
  /root/Dropbox/EMIC/TARGETS/luciano.rottoli__rfindustrial.com/PruebasModulos/HDR_E-CRYS-B_HYT_1/build/default/production/userFncFile.o \
  --defsym=__MPLAB_BUILD=1 \
  --defsym=__MPLAB_DEBUG=0 \
  -Tp24FJ64GA002.gld.00 \
  --stack=16 \
  --check-sections \
  --data-init \
  --pack-data \
  --handles \
  --isr \
  --no-gc-sections \
  --fill-upper=0 \
  --stackguard=16 \
  --no-force-link \
  --smart-io \
  -Map=/root/Dropbox/EMIC/TARGETS/luciano.rottoli__rfindustrial.com/PruebasModulos/HDR_E-CRYS-B_HYT_1/dist/production/target.production.map \
  --report-mem \
  --memorysummary \
  /root/Dropbox/EMIC/TARGETS/luciano.rottoli__rfindustrial.com/PruebasModulos/HDR_E-CRYS-B_HYT_1/dist/production/memoryfile.xml \
  -start-group \
  --library=c99-pic30-elf \
  --library=m-elf \
  --library=c99-elf \
  -end-group \


Optional library libpPIC24Fxxx.a not found
Archive member included because of file (symbol)

/opt/microchip/xc16/v2.10/bin/bin/../../lib/libc99-pic30-elf.a(crt0_standard.o)
                              (__resetPRI)
/opt/microchip/xc16/v2.10/bin/bin/../../lib/libc99-pic30-elf.a(data_init_standard.o)
                              /opt/microchip/xc16/v2.10/bin/bin/../../lib/libc99-pic30-elf.a(crt0_standard.o) (__data_init_standard)
/opt/microchip/xc16/v2.10/bin/bin/../../lib/libc99-pic30-elf.a(crt_start_mode_normal.Meo)
                              (__crt_start_mode_normal)
/opt/microchip/xc16/v2.10/bin/bin/../../lib/libc99-pic30-elf.a(floatunsisf.XX_o)
                              /root/Dropbox/EMIC/TARGETS/luciano.rottoli__rfindustrial.com/PruebasModulos/HDR_E-CRYS-B_HYT_1/build/default/production/HyT.o (___floatunsisf)
/opt/microchip/xc16/v2.10/bin/bin/../../lib/libc99-pic30-elf.a(udivsi3.XX_o)
                              /root/Dropbox/EMIC/TARGETS/luciano.rottoli__rfindustrial.com/PruebasModulos/HDR_E-CRYS-B_HYT_1/build/default/production/UART1.o (___udivsi3)
/opt/microchip/xc16/v2.10/bin/bin/../../lib/libc99-pic30-elf.a(mulsf3x.XX_o)
                              /root/Dropbox/EMIC/TARGETS/luciano.rottoli__rfindustrial.com/PruebasModulos/HDR_E-CRYS-B_HYT_1/build/default/production/HyT.o (___mulsf3)
/opt/microchip/xc16/v2.10/bin/bin/../../lib/libc99-pic30-elf.a(dnrmpackfx.XX_o)
[...]
Memory Configuration

Name             Origin             Length             Attributes
data             0x000800           0x002000           a !xr
reset            0x000000           0x000004  
ivt              0x000004           0x0000fc  
_reserved        0x000100           0x000004  
aivt             0x000104           0x0000fc  
program          0x000200           0x00a9fc           xr
CONFIG2          0x00abfc           0x000002  
CONFIG1          0x00abfe           0x000002  
*default*        0x000000           0xffffffffffffffff  

Linker script and memory map

LOAD /root/Dropbox/EMIC/TARGETS/luciano.rottoli__rfindustrial.com/PruebasModulos/HDR_E-CRYS-B_HYT_1/build/default/production/timer.o
LOAD /root/Dropbox/EMIC/TARGETS/luciano.rottoli__rfindustrial.com/PruebasModulos/HDR_E-CRYS-B_HYT_1/build/default/production/systemTimer.o
LOAD /root/Dropbox/EMIC/TARGETS/luciano.rottoli__rfindustrial.com/PruebasModulos/HDR_E-CRYS-B_HYT_1/build/default/production/led_Led1.o
LOAD /root/Dropbox/EMIC/TARGETS/luciano.rottoli__rfindustrial.com/PruebasModulos/HDR_E-CRYS-B_HYT_1/build/default/production/led_Led2.o
LOAD /root/Dropbox/EMIC/TARGETS/luciano.rottoli__rfindustrial.com/PruebasModulos/HDR_E-CRYS-B_HYT_1/build/default/production/led_Led3.o
LOAD /root/Dropbox/EMIC/TARGETS/luciano.rottoli__rfindustrial.com/PruebasModulos/HDR_E-CRYS-B_HYT_1/build/default/production/timer_api1.o
LOAD /root/Dropbox/EMIC/TARGETS/luciano.rottoli__rfindustrial.com/PruebasModulos/HDR_E-CRYS-B_HYT_1/build/default/production/streamIn.o
LOAD /root/Dropbox/EMIC/TARGETS/luciano.rottoli__rfindustrial.com/PruebasModulos/HDR_E-CRYS-B_HYT_1/build/default/production/UART1.o
LOAD /root/Dropbox/EMIC/TARGETS/luciano.rottoli__rfindustrial.com/PruebasModulos/HDR_E-CRYS-B_HYT_1/build/default/production/stream.o
LOAD /root/Dropbox/EMIC/TARGETS/luciano.rottoli__rfindustrial.com/PruebasModulos/HDR_E-CRYS-B_HYT_1/build/default/production/Transport.o
LOAD /root/Dropbox/EMIC/TARGETS/luciano.rottoli__rfindustrial.com/PruebasModulos/HDR_E-CRYS-B_HYT_1/build/default/production/EmicFieldBus.o
LOAD /root/Dropbox/EMIC/TARGETS/luciano.rottoli__rfindustrial.com/PruebasModulos/HDR_E-CRYS-B_HYT_1/build/default/production/dht_comm.o
LOAD /root/Dropbox/EMIC/TARGETS/luciano.rottoli__rfindustrial.com/PruebasModulos/HDR_E-CRYS-B_HYT_1/build/default/production/HyT.o
LOAD /root/Dropbox/EMIC/TARGETS/luciano.rottoli__rfindustrial.com/PruebasModulos/HDR_E-CRYS-B_HYT_1/build/default/production/main.o
LOAD /root/Dropbox/EMIC/TARGETS/luciano.rottoli__rfindustrial.com/PruebasModulos/HDR_E-CRYS-B_HYT_1/build/default/production/userFncFile.o
                    0x0001                  __MPLAB_BUILD = 0x1
                    0x0000                  __MPLAB_DEBUG = 0x0
LOAD pPIC24Fxxx
LOAD /opt/microchip/xc16/v2.10/bin/bin/../../lib/libfx-elf.a
                    0xabfc                  __CONFIG2 = 0xabfc
                    0xabfe                  __CONFIG1 = 0xabfe
                    0x0001                  __NO_HANDLES = 0x1
                    0x0200                  __CODE_BASE = 0x200
                    0xa9fc                  __CODE_LENGTH = 0xa9fc
                    0x0004                  __IVT_BASE = 0x4
                    0x0104                  __AIVT_BASE = 0x104
                    0x0800                  __DATA_BASE = 0x800
                    0x2000                  __DATA_LENGTH = 0x2000

.reset            0x000000          0x4
                  0x000000          0x2 SHORT 0x200 ABSOLUTE (__reset)
                  0x000001          0x2 SHORT 0x4
                  0x000002          0x2 SHORT 0x0 ((ABSOLUTE (__reset) >> 0x10) & 0x7f)
                  0x000003          0x2 SHORT 0x0

.text             0x000200       0x4094
 *(.init)
 .init            0x000200         0x4c /opt/microchip/xc16/v2.10/bin/bin/../../lib/libc99-pic30-elf.a(crt0_standard.o)
                  0x000200                  __reset
                  0x000200                  __resetPRI
                  0x00023c                  __psv_init
 .init            0x00024c         0x7c /opt/microchip/xc16/v2.10/bin/bin/../../lib/libc99-pic30-elf.a(data_init_standard.o)
                  0x000252                  __data_init
                  0x000252                  __data_init_standard
 *(.user_init)
 *(.handle)
 *(.isr*)
 .isr.text        0x0002ec         0x28 /root/Dropbox/EMIC/TARGETS/luciano.rottoli__rfindustrial.com/PruebasModulos/HDR_E-CRYS-B_HYT_1/build/default/production/timer.o
                  0x0002ec                  __T4Interrupt
 .isr.text        0x000314         0x82 /root/Dropbox/EMIC/TARGETS/luciano.rottoli__rfindustrial.com/PruebasModulos/HDR_E-CRYS-B_HYT_1/build/default/production/UART1.o
                  0x000314                  __U1TXInterrupt
                  0x000356                  __U1RXInterrupt
 .isr.text        0x000396         0xca /root/Dropbox/EMIC/TARGETS/luciano.rottoli__rfindustrial.com/PruebasModulos/HDR_E-CRYS-B_HYT_1/build/default/production/dht_comm.o
                  0x000396                  __INT1Interrupt
 .isr             0x000460          0x4 default_isr
                  0x000460                  __DefaultInterrupt
 *(.libc)
 *(.libm)
 *(.libdsp)
 *(.lib*)
 .libpic30_crt_start_mode
                  0x000464          0x2 /opt/microchip/xc16/v2.10/bin/bin/../../lib/libc99-pic30-elf.a(crt_start_mode_normal.Meo)
                  0x000464                  __crt_start_mode_normal
                  0x000464                  __crt_start_mode
 .libm.floatunsisf
                  0x000466          0x4 /opt/microchip/xc16/v2.10/bin/bin/../../lib/libc99-pic30-elf.a(floatunsisf.XX_o)
                  0x000466                  ___floatunsisf
 .libm.udivsi3    0x00046a         0x20 /opt/microchip/xc16/v2.10/bin/bin/../../lib/libc99-pic30-elf.a(udivsi3.XX_o)
                  0x00046a                  ___udivsi3
 .libmx           0x00048a        0x10c /opt/microchip/xc16/v2.10/bin/bin/../../lib/libc99-pic30-elf.a(mulsf3x.XX_o)
                  0x00048a                  ___mulsf3
                  0x00048a                  ___mulsf3x
 .libmx           0x000596         0x54 /opt/microchip/xc16/v2.10/bin/bin/../../lib/libc99-pic30-elf.a(dnrmpackfx.XX_o)
                  0x000596                  __dnrmpackf
 .libmx           0x0005ea         0x5e /opt/microchip/xc16/v2.10/bin/bin/../../lib/libc99-pic30-elf.a(unpackdnrmfx.XX_o)
                  0x0005ea                  __unpackdnrmf
 .libmx           0x000648         0x34 /opt/microchip/xc16/v2.10/bin/bin/../../lib/libc99-pic30-elf.a(typefx.XX_o)
                  0x000648                  __typef
 .libmx           0x00067c         0x12 /opt/microchip/xc16/v2.10/bin/bin/../../lib/libc99-pic30-elf.a(propnanfx.XX_o)
                  0x00067c                  __propnanf
 .libm.floatundisf
                  0x00068e         0x5e /opt/microchip/xc16/v2.10/bin/bin/../../lib/libc99-pic30-elf.a(floatundisf.XX_o)
                  0x00068e                  ___floatundisf
 .libm.fpack      0x0006ec         0x4c /opt/microchip/xc16/v2.10/bin/bin/../../lib/libc99-pic30-elf.a(fpack.XX_o)
                  0x0006ec                  __fpack
 .libc.__wrap_sprintf
                  0x000738          0xc /opt/microchip/xc16/v2.10/bin/bin/../../lib/libc99-elf.a(__sio_sprintf_f.XX_o)
                  0x000738                  __dsprintf_eEfF
                  0x000738                  __sprintf_eEfFgG
                  0x000738                  __dsprintf_eEfFgG
                  0x000738                  __sprintf_fF
                  0x000738                  __sprintf_eEfF
                  0x000738                  __dsprintf_gG
                  0x000738                  __dsprintf_eEgG
                  0x000738                  __sprintf_gG
                  0x000738                  __dsprintf_fF
                  0x000738                  __dsprintf_eE
                  0x000738                  __sprintf_fFgG
                  0x000738                  __sprintf_eEgG
                  0x000738                  __sprintf_eE
                  0x000738                  __dsprintf_fFgG
 .libc.__sio_sprintf_f
                  0x000744          0x4 /opt/microchip/xc16/v2.10/bin/bin/../../lib/libc99-elf.a(__sio_sprintf_f.XX_o)
                  0x000744                  ___sio_sprintf_f
 .libc.atof       0x000748          0x4 /opt/microchip/xc16/v2.10/bin/bin/../../lib/libc99-elf.a(atof.XX_o)
                  0x000748                  _atof
 .libc.__isspace
                  0x00074c         0x14 /opt/microchip/xc16/v2.10/bin/bin/../../lib/libc99-elf.a(atoi.XX_o)
 .libc.atoi       0x000760         0x4c /opt/microchip/xc16/v2.10/bin/bin/../../lib/libc99-elf.a(atoi.XX_o)
                  0x000760                  _atoi
 .libc.__isspace
                  0x0007ac         0x14 /opt/microchip/xc16/v2.10/bin/bin/../../lib/libc99-elf.a(atol.XX_o)
 .libc.atol       0x0007c0         0x54 /opt/microchip/xc16/v2.10/bin/bin/../../lib/libc99-elf.a(atol.XX_o)
                  0x0007c0                  _atol
 .libc.__isspace
                  0x000814         0x14 /opt/microchip/xc16/v2.10/bin/bin/../../lib/libc99-elf.a(atoll.XX_o)
 .libc.atoll      0x000828         0x64 /opt/microchip/xc16/v2.10/bin/bin/../../lib/libc99-elf.a(atoll.XX_o)
                  0x000828                  _atoll
 .libc.memset     0x00088c         0xc8 /opt/microchip/xc16/v2.10/bin/bin/../../lib/libc99-elf.a(memset.XX_o)
                  0x00088c                  _memset
 .libc.snprintf
                  0x000954          0xc /opt/microchip/xc16/v2.10/bin/bin/../../lib/libc99-elf.a(snprintf.XX_o)
                  0x000954                  _snprintf
 .libc.strtox     0x000960         0x58 /opt/microchip/xc16/v2.10/bin/bin/../../lib/libc99-elf.a(strtod.XX_o)
 .libc.strtof     0x0009b8          0x6 /opt/microchip/xc16/v2.10/bin/bin/../../lib/libc99-elf.a(strtod.XX_o)
                  0x0009b8                  _strtof_l
                  0x0009b8                  ___strtof_l
                  0x0009b8                  _strtof
 .libc.strtod     0x0009be          0x6 /opt/microchip/xc16/v2.10/bin/bin/../../lib/libc99-elf.a(strtod.XX_o)
                  0x0009be                  _strtod_l
                  0x0009be                  ___strtod_l
                  0x0009be                  _strtod
 .libc.strtold    0x0009c4          0x4 /opt/microchip/xc16/v2.10/bin/bin/../../lib/libc99-elf.a(strtod.XX_o)
                  0x0009c4                  ___strtold_l
                  0x0009c4                  _strtold_l
                  0x0009c4                  _strtold
 .libc.vsnprintf
                  0x0009c8         0x50 /opt/microchip/xc16/v2.10/bin/bin/../../lib/libc99-elf.a(vsnprintf.XX_o)
                  0x0009c8                  _vsnprintf
 .libc.__LONG_DOUBLE_BITS
                  0x000a18          0x2 /opt/microchip/xc16/v2.10/bin/bin/../../lib/libc99-elf.a(__fmt_fp.XX_o)
 .libc.__fmt_fp
                  0x000a1a        0x5b6 /opt/microchip/xc16/v2.10/bin/bin/../../lib/libc99-elf.a(__fmt_fp.XX_o)
                  0x000a1a                  ___fmt_fp
                  0x000a1a                  ___fmt_f_needed
 .libc.__vsprintf
                  0x000fd0          0x8 /opt/microchip/xc16/v2.10/bin/bin/../../lib/libc99-elf.a(__int_vsprintf.XX_o)
                  0x000fd0                  ___vsprintf
 .libc.__pop_float
                  0x000fd8         0x3e /opt/microchip/xc16/v2.10/bin/bin/../../lib/libc99-elf.a(__pop_float.XX_o)
                  0x000fd8                  ___pop_float_needed
                  0x000fd8                  ___pop_float
 .libc.__string_out
                  0x001016         0x26 /opt/microchip/xc16/v2.10/bin/bin/../../lib/libc99-elf.a(__printf_core.XX_o)
                  0x001016                  ___out
 .libc.__pad      0x00103c         0x74 /opt/microchip/xc16/v2.10/bin/bin/../../lib/libc99-elf.a(__printf_core.XX_o)
                  0x00103c                  ___pad
 .libc.__dummy_fmt3
                  0x0010b0          0x2 /opt/microchip/xc16/v2.10/bin/bin/../../lib/libc99-elf.a(__printf_core.XX_o)
 .libc.__dummy_fmt4
                  0x0010b2          0x2 /opt/microchip/xc16/v2.10/bin/bin/../../lib/libc99-elf.a(__printf_core.XX_o)
 .libc.__dummy_fmts
                  0x0010b4          0x2 /opt/microchip/xc16/v2.10/bin/bin/../../lib/libc99-elf.a(__printf_core.XX_o)
 .libc.__fmt_state
                  0x0010b6         0x2c /opt/microchip/xc16/v2.10/bin/bin/../../lib/libc99-elf.a(__printf_core.XX_o)
                  0x0010b6                  ___fmt_state
 .libc.vfpfcnvrt.clone.0
                  0x0010e2        0x2d8 /opt/microchip/xc16/v2.10/bin/bin/../../lib/libc99-elf.a(__printf_core.XX_o)
 .libc.__printf_core
                  0x0013ba         0x40 /opt/microchip/xc16/v2.10/bin/bin/../../lib/libc99-elf.a(__printf_core.XX_o)
                  0x0013ba                  ___printf_core
 .libc.__isspace
                  0x0013fa         0x14 /opt/microchip/xc16/v2.10/bin/bin/../../lib/libc99-elf.a(floatscan.XX_o)
 .libc.scanexp    0x00140e        0x174 /opt/microchip/xc16/v2.10/bin/bin/../../lib/libc99-elf.a(floatscan.XX_o)
 .libc.hexfloat
                  0x001582        0x532 /opt/microchip/xc16/v2.10/bin/bin/../../lib/libc99-elf.a(floatscan.XX_o)
 .libc.decfloat
                  0x001ab4        0x900 /opt/microchip/xc16/v2.10/bin/bin/../../lib/libc99-elf.a(floatscan.XX_o)
 .libc.__floatscan
                  0x0023b4        0x22c /opt/microchip/xc16/v2.10/bin/bin/../../lib/libc99-elf.a(floatscan.XX_o)
                  0x0023b4                  ___floatscan
 .libc.memcpy     0x0025e0          0xe /opt/microchip/xc16/v2.10/bin/bin/../../lib/libc99-elf.a(memcpy.XX_o)
                  0x0025e0                  _memcpy
 .libc.__shlim    0x0025ee         0x4a /opt/microchip/xc16/v2.10/bin/bin/../../lib/libc99-elf.a(shgetc.XX_o)
                  0x0025ee                  ___shlim
 .libc.__shgetc
                  0x002638        0x130 /opt/microchip/xc16/v2.10/bin/bin/../../lib/libc99-elf.a(shgetc.XX_o)
                  0x002638                  ___shgetc
 .libc.strcpy     0x002768          0xe /opt/microchip/xc16/v2.10/bin/bin/../../lib/libc99-elf.a(strcpy.XX_o)
                  0x002768                  _strcpy
 .libc.strlen     0x002776         0x30 /opt/microchip/xc16/v2.10/bin/bin/../../lib/libc99-elf.a(strlen.XX_o)
                  0x002776                  _strlen
 .libc.tolower    0x0027a6          0xc /opt/microchip/xc16/v2.10/bin/bin/../../lib/libc99-elf.a(tolower.XX_o)
                  0x0027a6                  _tolower
 .libc.__tolower_l
                  0x0027b2          0x2 /opt/microchip/xc16/v2.10/bin/bin/../../lib/libc99-elf.a(tolower.XX_o)
                  0x0027b2                  _tolower_l
                  0x0027b2                  ___tolower_l
 .libc.vfprintf
                  0x0027b4         0x1c /opt/microchip/xc16/v2.10/bin/bin/../../lib/libc99-elf.a(vfprintf.XX_o)
                  0x0027b4                  _vfprintf
 .libc.__vsnprintf
                  0x0027d0         0x4a /opt/microchip/xc16/v2.10/bin/bin/../../lib/libc99-elf.a(__int_vsnprintf.XX_o)
                  0x0027d0                  ___vsnprintf
 .libc.__pop_int
                  0x00281a         0xa8 /opt/microchip/xc16/v2.10/bin/bin/../../lib/libc99-elf.a(__pop_int.XX_o)
                  0x00281a                  ___pop_int_needed
                  0x00281a                  ___pop_int
 .libc.__pop_ptr
                  0x0028c2         0x70 /opt/microchip/xc16/v2.10/bin/bin/../../lib/libc99-elf.a(__pop_ptr.XX_o)
                  0x0028c2                  ___pop_ptr
                  0x0028c2                  ___pop_ptr_needed
 .libc.__uflow    0x002932         0x2a /opt/microchip/xc16/v2.10/bin/bin/../../lib/libc99-elf.a(__uflow.XX_o)
                  0x002932                  ___uflow
 .libc.__stpcpy
                  0x00295c         0x40 /opt/microchip/xc16/v2.10/bin/bin/../../lib/libc99-elf.a(stpcpy.XX_o)
                  0x00295c                  _stpcpy
                  0x00295c                  ___stpcpy
 .libc.__LONG_DOUBLE_BITS
                  0x00299c          0x2 /opt/microchip/xc16/v2.10/bin/bin/../../lib/libc99-elf.a(__fmt_a.XX_o)
 .libc.__fmt_a    0x00299e        0x544 /opt/microchip/xc16/v2.10/bin/bin/../../lib/libc99-elf.a(__fmt_a.XX_o)
                  0x00299e                  ___fmt_a
                  0x00299e                  ___fmt_a_needed
 .libc.__fmt_d    0x002ee2         0xb2 /opt/microchip/xc16/v2.10/bin/bin/../../lib/libc99-elf.a(__fmt_d.XX_o)
                  0x002ee2                  ___fmt_d_needed
                  0x002ee2                  ___fmt_d
 .libc.__fmt_o    0x002f94         0x6a /opt/microchip/xc16/v2.10/bin/bin/../../lib/libc99-elf.a(__fmt_o.XX_o)
                  0x002f94                  ___fmt_o_needed
                  0x002f94                  ___fmt_o
 .libc.__fmt_s    0x002ffe         0x54 /opt/microchip/xc16/v2.10/bin/bin/../../lib/libc99-elf.a(__fmt_s.XX_o)
                  0x002ffe                  ___fmt_s
                  0x002ffe                  ___fmt_0_needed
                  0x002ffe                  ___fmt_s_needed
 .libc.__cvt_u    0x003052         0xa6 /opt/microchip/xc16/v2.10/bin/bin/../../lib/libc99-elf.a(__fmt_u.XX_o)
                  0x003052                  ___cvt_u
 .libc.__fmt_u    0x0030f8         0x52 /opt/microchip/xc16/v2.10/bin/bin/../../lib/libc99-elf.a(__fmt_u.XX_o)
                  0x0030f8                  ___fmt_u_needed
                  0x0030f8                  ___fmt_u
 .libc.__fmt_x    0x00314a        0x14a /opt/microchip/xc16/v2.10/bin/bin/../../lib/libc99-elf.a(__fmt_x.XX_o)
                  0x00314a                  ___fmt_x
                  0x00314a                  ___fmt_x_needed
 .libc.__vfprintf
                  0x003294         0x1c /opt/microchip/xc16/v2.10/bin/bin/../../lib/libc99-elf.a(__int_vfprintf.XX_o)
                  0x003294                  ___vfprintf
 .libc.__toread
                  0x0032b0         0x48 /opt/microchip/xc16/v2.10/bin/bin/../../lib/libc99-elf.a(__toread.XX_o)
                  0x0032b0                  ___toread
 .libc.__toread_needs_stdio_exit
                  0x0032f8          0x2 /opt/microchip/xc16/v2.10/bin/bin/../../lib/libc99-elf.a(__toread.XX_o)
                  0x0032f8                  ___toread_needs_stdio_exit
 .libc.toupper    0x0032fa          0xc /opt/microchip/xc16/v2.10/bin/bin/../../lib/libc99-elf.a(toupper.XX_o)
                  0x0032fa                  _toupper
 .libc.__toupper_l
                  0x003306          0x2 /opt/microchip/xc16/v2.10/bin/bin/../../lib/libc99-elf.a(toupper.XX_o)
                  0x003306                  _toupper_l
                  0x003306                  ___toupper_l
 .libc.__dummy    0x003308          0x2 /opt/microchip/xc16/v2.10/bin/bin/../../lib/libc99-elf.a(__stdio_exit.XX_o)
                  0x003308                  ___stdio_exit_ofl
 .libc.__dummy1
                  0x00330a          0x2 /opt/microchip/xc16/v2.10/bin/bin/../../lib/libc99-elf.a(__stdio_exit.XX_o)
                  0x00330a                  ___fclose
 .libc.__stdio_exit
                  0x00330c         0x14 /opt/microchip/xc16/v2.10/bin/bin/../../lib/libc99-elf.a(__stdio_exit.XX_o)
                  0x00330c                  ___stdio_exit
                  0x00330c                  ___stdio_exit_needed
 .libm.eqdf2      0x003320          0xa /opt/microchip/xc16/v2.10/bin/bin/../../lib/libc99-pic30-elf.a(deqltle.XX_o)
                  0x003320                  ___ledf2
                  0x003320                  ___eqdf2
                  0x003320                  ___ltdf2
 .libm.gtdf2      0x00332a          0xa /opt/microchip/xc16/v2.10/bin/bin/../../lib/libc99-pic30-elf.a(dgtge.XX_o)
                  0x00332a                  ___gedf2
                  0x00332a                  ___gtdf2
 .libm.divsi3     0x003334         0x1e /opt/microchip/xc16/v2.10/bin/bin/../../lib/libc99-pic30-elf.a(divsi3.XX_o)
                  0x003334                  ___divsi3
 .libm.nedf2      0x003352          0xa /opt/microchip/xc16/v2.10/bin/bin/../../lib/libc99-pic30-elf.a(dne.XX_o)
                  0x003352                  ___nedf2
 .libm.extendsfdf2
                  0x00335c         0x3e /opt/microchip/xc16/v2.10/bin/bin/../../lib/libc99-pic30-elf.a(extendsfdf.XX_o)
                  0x00335c                  ___extendsfdf2
 .libm.fixdfsi    0x00339a         0x58 /opt/microchip/xc16/v2.10/bin/bin/../../lib/libc99-pic30-elf.a(fixdfsi.XX_o)
                  0x00339a                  _(float, int, long long, double, float, short, int)
 .libm.floatsidf
                  0x0033f2          0x6 /opt/microchip/xc16/v2.10/bin/bin/../../lib/libc99-pic30-elf.a(floatsidf.XX_o)
                  0x0033f2                  ___floatsidf
 .libm.floatsisf
                  0x0033f8          0x6 /opt/microchip/xc16/v2.10/bin/bin/../../lib/libc99-pic30-elf.a(floatsisf.XX_o)
                  0x0033f8                  ___floatsisf
 .libm.floatunsidf
                  0x0033fe          0x4 /opt/microchip/xc16/v2.10/bin/bin/../../lib/libc99-pic30-elf.a(floatunsidf.XX_o)
                  0x0033fe                  ___floatunsidf
 .libm.funpack    0x003402         0x2a /opt/microchip/xc16/v2.10/bin/bin/../../lib/libc99-pic30-elf.a(funpack.XX_o)
                  0x003402                  __funpack
 .libm.truncdfsf2
                  0x00342c         0x56 /opt/microchip/xc16/v2.10/bin/bin/../../lib/libc99-pic30-elf.a(truncdfsf.XX_o)
                  0x00342c                  ___truncdfsf2
 .libm.umodsi3    0x003482          0x6 /opt/microchip/xc16/v2.10/bin/bin/../../lib/libc99-pic30-elf.a(umodsi3.XX_o)
                  0x003482                  ___umodsi3
 .libm.mulsi3     0x003488          0xc /opt/microchip/xc16/v2.10/bin/bin/../../lib/libc99-pic30-elf.a(mulsi3.XX_o)
                  0x003488                  ___mulp32eds3
                  0x003488                  ___mulp32peds3
                  0x003488                  ___mulsi3
 .lib_dpfops      0x003494         0xa2 /opt/microchip/xc16/v2.10/bin/bin/../../lib/libc99-pic30-elf.a(dpadd.XX_o)
                  0x003494                  ___subdf3
                  0x0034a0                  ___adddf3
 .lib_dpfops      0x003536        0x15e /opt/microchip/xc16/v2.10/bin/bin/../../lib/libc99-pic30-elf.a(dpdiv.XX_o)
                  0x003536                  ___divdf3
 .lib_dpfops      0x003694        0x11a /opt/microchip/xc16/v2.10/bin/bin/../../lib/libc99-pic30-elf.a(dpmul.XX_o)
                  0x003694                  ___muldf3
 .lib_dpfops      0x0037ae        0x128 /opt/microchip/xc16/v2.10/bin/bin/../../lib/libc99-pic30-elf.a(dpsubs.XX_o)
                  0x0037c8                  __dxchg
                  0x0037d6                  __drshft
                  0x003830                  __dupchk
                  0x003892                  __drndex
                  0x00389c                  __dnsrnd
                  0x0038c8                  __dpakex
 .libm.__PplusBdi
                  0x0038d6         0x26 /opt/microchip/xc16/v2.10/bin/bin/../../lib/libc99-pic30-elf.a(divmoddi3.XX_o)
 .libm.__PminusBdi
                  0x0038fc         0x26 /opt/microchip/xc16/v2.10/bin/bin/../../lib/libc99-pic30-elf.a(divmoddi3.XX_o)
 .libm.__udivmoddi3
                  0x003922         0xe6 /opt/microchip/xc16/v2.10/bin/bin/../../lib/libc99-pic30-elf.a(divmoddi3.XX_o)
                  0x003922                  ___udivmoddi3
 .libm.__udivdi3
                  0x003a08          0xe /opt/microchip/xc16/v2.10/bin/bin/../../lib/libc99-pic30-elf.a(divmoddi3.XX_o)
                  0x003a08                  ___udivdi3
 .libm.__umoddi3
                  0x003a16          0x8 /opt/microchip/xc16/v2.10/bin/bin/../../lib/libc99-pic30-elf.a(divmoddi3.XX_o)
                  0x003a16                  ___umoddi3
 .libm.__divdi3
                  0x003a1e         0x60 /opt/microchip/xc16/v2.10/bin/bin/../../lib/libc99-pic30-elf.a(divmoddi3.XX_o)
                  0x003a1e                  ___divdi3
 .libm.__moddi3
                  0x003a7e         0x5c /opt/microchip/xc16/v2.10/bin/bin/../../lib/libc99-pic30-elf.a(divmoddi3.XX_o)
                  0x003a7e                  ___moddi3
 .libm.__muldi3
                  0x003ada         0x52 /opt/microchip/xc16/v2.10/bin/bin/../../lib/libc99-pic30-elf.a(muldi3.XX_o)
                  0x003ada                  ___muldi3
 .libm.dcompare
                  0x003b2c         0x52 /opt/microchip/xc16/v2.10/bin/bin/../../lib/libc99-pic30-elf.a(dcompare.XX_o)
                  0x003b2c                  __dcompare
 .libm.dtype      0x003b7e         0x24 /opt/microchip/xc16/v2.10/bin/bin/../../lib/libc99-pic30-elf.a(dtype.XX_o)
                  0x003b7e                  __dtype
 .libm.dunpack    0x003ba2         0x4e /opt/microchip/xc16/v2.10/bin/bin/../../lib/libc99-pic30-elf.a(dunpack.XX_o)
                  0x003ba2                  __dunpack
 .libm.dunpack2
                  0x003bf0         0x32 /opt/microchip/xc16/v2.10/bin/bin/../../lib/libc99-pic30-elf.a(dunpack2.XX_o)
                  0x003bf0                  __dunpack2
                  0x003c12                  __dreturnNaN
                  0x003c18                  __dunpack2exit
 .libm.floatdidf
                  0x003c22         0x20 /opt/microchip/xc16/v2.10/bin/bin/../../lib/libc99-pic30-elf.a(floatdidf.XX_o)
                  0x003c22                  ___floatdidf
 .libm.floatdisf
                  0x003c42         0x20 /opt/microchip/xc16/v2.10/bin/bin/../../lib/libc99-pic30-elf.a(floatdisf.XX_o)
                  0x003c42                  ___floatdisf
 .libm.floatundidf
                  0x003c62         0x56 /opt/microchip/xc16/v2.10/bin/bin/../../lib/libc99-pic30-elf.a(floatundidf.XX_o)
                  0x003c62                  ___floatundidf
 .libm.umuldi3    0x003cb8         0x44 /opt/microchip/xc16/v2.10/bin/bin/../../lib/libc99-pic30-elf.a(umuldi3.XX_o)
                  0x003cb8                  ___umuldi3
 .libm.dpack      0x003cfc         0x58 /opt/microchip/xc16/v2.10/bin/bin/../../lib/libc99-pic30-elf.a(dpack.XX_o)
                  0x003cfc                  __dpack
 .libm.dPropagateNaN
                  0x003d54         0x1c /opt/microchip/xc16/v2.10/bin/bin/../../lib/libc99-pic30-elf.a(dpropagateNaN.XX_o)
                  0x003d54                  __dPropagateNaN
 .libc.copysignl
                  0x003d70         0x34 /opt/microchip/xc16/v2.10/bin/bin/../../lib/libm-elf.a(copysignl.XX_o)
                  0x003d70                  _copysignl
 .libc.fabsl      0x003da4         0x16 /opt/microchip/xc16/v2.10/bin/bin/../../lib/libm-elf.a(fabsl.XX_o)
                  0x003da4                  _fabsl
 .libc.floorl     0x003dba         0xf8 /opt/microchip/xc16/v2.10/bin/bin/../../lib/libm-elf.a(floorl.XX_o)
                  0x003dba                  _floorl
 .libc.__LONG_DOUBLE_BITS
                  0x003eb2          0x2 /opt/microchip/xc16/v2.10/bin/bin/../../lib/libm-elf.a(fmodl.XX_o)
 .libc.fmodl      0x003eb4        0x32c /opt/microchip/xc16/v2.10/bin/bin/../../lib/libm-elf.a(fmodl.XX_o)
                  0x003eb4                  _fmodl
 .libc.scalbnf    0x0041e0         0x54 /opt/microchip/xc16/v2.10/bin/bin/../../lib/libm-elf.a(scalbnf.XX_o)
                  0x0041e0                  _scalbnf
 .libc.scalbnl    0x004234         0x60 /opt/microchip/xc16/v2.10/bin/bin/../../lib/libm-elf.a(scalbnl.XX_o)
                  0x004234                  _scalbnl

usercode
 *(usercode)

__CONFIG2
 *(__CONFIG2.sec*)

__CONFIG1
 *(__CONFIG1.sec*)

.comment
 *(.comment)

.debug_info       0x000000       0x14b5
 *(.debug_info)
 .debug_info      0x000000         0x91 /opt/microchip/xc16/v2.10/bin/bin/../../lib/libc99-pic30-elf.a(floatunsisf.XX_o)
 .debug_info      0x000091         0x8d /opt/microchip/xc16/v2.10/bin/bin/../../lib/libc99-pic30-elf.a(udivsi3.XX_o)
 .debug_info      0x00011e         0x9d /opt/microchip/xc16/v2.10/bin/bin/../../lib/libc99-pic30-elf.a(mulsf3x.XX_o)
 .debug_info      0x0001bb         0xa0 /opt/microchip/xc16/v2.10/bin/bin/../../lib/libc99-pic30-elf.a(dnrmpackfx.XX_o)
 .debug_info      0x00025b         0xa2 /opt/microchip/xc16/v2.10/bin/bin/../../lib/libc99-pic30-elf.a(unpackdnrmfx.XX_o)
 .debug_info      0x0002fd         0x9c /opt/microchip/xc16/v2.10/bin/bin/../../lib/libc99-pic30-elf.a(typefx.XX_o)
 .debug_info      0x000399         0x9f /opt/microchip/xc16/v2.10/bin/bin/../../lib/libc99-pic30-elf.a(propnanfx.XX_o)
 .debug_info      0x000438         0x91 /opt/microchip/xc16/v2.10/bin/bin/../../lib/libc99-pic30-elf.a(floatundisf.XX_o)
 .debug_info      0x0004c9         0x8b /opt/microchip/xc16/v2.10/bin/bin/../../lib/libc99-pic30-elf.a(fpack.XX_o)
 .debug_info      0x000554         0x8d /opt/microchip/xc16/v2.10/bin/bin/../../lib/libc99-pic30-elf.a(deqltle.XX_o)
 .debug_info      0x0005e1         0x8b /opt/microchip/xc16/v2.10/bin/bin/../../lib/libc99-pic30-elf.a(dgtge.XX_o)
 .debug_info      0x00066c         0x8c /opt/microchip/xc16/v2.10/bin/bin/../../lib/libc99-pic30-elf.a(divsi3.XX_o)
 .debug_info      0x0006f8         0x89 /opt/microchip/xc16/v2.10/bin/bin/../../lib/libc99-pic30-elf.a(dne.XX_o)
 .debug_info      0x000781         0x90 /opt/microchip/xc16/v2.10/bin/bin/../../lib/libc99-pic30-elf.a(extendsfdf.XX_o)
 .debug_info      0x000811         0x8d /opt/microchip/xc16/v2.10/bin/bin/../../lib/libc99-pic30-elf.a(fixdfsi.XX_o)
 .debug_info      0x00089e         0x8f /opt/microchip/xc16/v2.10/bin/bin/../../lib/libc99-pic30-elf.a(floatsidf.XX_o)
 .debug_info      0x00092d         0x8f /opt/microchip/xc16/v2.10/bin/bin/../../lib/libc99-pic30-elf.a(floatsisf.XX_o)
 .debug_info      0x0009bc         0x91 /opt/microchip/xc16/v2.10/bin/bin/../../lib/libc99-pic30-elf.a(floatunsidf.XX_o)
 .debug_info      0x000a4d         0x8d /opt/microchip/xc16/v2.10/bin/bin/../../lib/libc99-pic30-elf.a(funpack.XX_o)
 .debug_info      0x000ada         0x8f /opt/microchip/xc16/v2.10/bin/bin/../../lib/libc99-pic30-elf.a(truncdfsf.XX_o)
 .debug_info      0x000b69         0x8d /opt/microchip/xc16/v2.10/bin/bin/../../lib/libc99-pic30-elf.a(umodsi3.XX_o)
 .debug_info      0x000bf6         0x8c /opt/microchip/xc16/v2.10/bin/bin/../../lib/libc99-pic30-elf.a(mulsi3.XX_o)
 .debug_info      0x000c82         0xa9 /opt/microchip/xc16/v2.10/bin/bin/../../lib/libc99-pic30-elf.a(dpadd.XX_o)
 .debug_info      0x000d2b         0xa9 /opt/microchip/xc16/v2.10/bin/bin/../../lib/libc99-pic30-elf.a(dpdiv.XX_o)
 .debug_info      0x000dd4         0xa9 /opt/microchip/xc16/v2.10/bin/bin/../../lib/libc99-pic30-elf.a(dpmul.XX_o)
 .debug_info      0x000e7d         0xaa /opt/microchip/xc16/v2.10/bin/bin/../../lib/libc99-pic30-elf.a(dpsubs.XX_o)
 .debug_info      0x000f27         0x8e /opt/microchip/xc16/v2.10/bin/bin/../../lib/libc99-pic30-elf.a(dcompare.XX_o)
 .debug_info      0x000fb5         0x8b /opt/microchip/xc16/v2.10/bin/bin/../../lib/libc99-pic30-elf.a(dtype.XX_o)
 .debug_info      0x001040         0x8d /opt/microchip/xc16/v2.10/bin/bin/../../lib/libc99-pic30-elf.a(dunpack.XX_o)
 .debug_info      0x0010cd         0x8e /opt/microchip/xc16/v2.10/bin/bin/../../lib/libc99-pic30-elf.a(dunpack2.XX_o)
 .debug_info      0x00115b         0x8f /opt/microchip/xc16/v2.10/bin/bin/../../lib/libc99-pic30-elf.a(floatdidf.XX_o)
 .debug_info      0x0011ea         0x8f /opt/microchip/xc16/v2.10/bin/bin/../../lib/libc99-pic30-elf.a(floatdisf.XX_o)
 .debug_info      0x001279         0x91 /opt/microchip/xc16/v2.10/bin/bin/../../lib/libc99-pic30-elf.a(floatundidf.XX_o)
 .debug_info      0x00130a         0x8d /opt/microchip/xc16/v2.10/bin/bin/../../lib/libc99-pic30-elf.a(umuldi3.XX_o)
 .debug_info      0x001397         0x8b /opt/microchip/xc16/v2.10/bin/bin/../../lib/libc99-pic30-elf.a(dpack.XX_o)
 .debug_info      0x001422         0x93 /opt/microchip/xc16/v2.10/bin/bin/../../lib/libc99-pic30-elf.a(dpropagateNaN.XX_o)
 *(.gnu.linkonce.wi.*)

.debug_abbrev     0x000000        0x2d0
 *(.debug_abbrev)
 .debug_abbrev    0x000000         0x14 /opt/microchip/xc16/v2.10/bin/bin/../../lib/libc99-pic30-elf.a(floatunsisf.XX_o)
 .debug_abbrev    0x000014         0x14 /opt/microchip/xc16/v2.10/bin/bin/../../lib/libc99-pic30-elf.a(udivsi3.XX_o)
 .debug_abbrev    0x000028         0x14 /opt/microchip/xc16/v2.10/bin/bin/../../lib/libc99-pic30-elf.a(mulsf3x.XX_o)
 .debug_abbrev    0x00003c         0x14 /opt/microchip/xc16/v2.10/bin/bin/../../lib/libc99-pic30-elf.a(dnrmpackfx.XX_o)
 .debug_abbrev    0x000050         0x14 /opt/microchip/xc16/v2.10/bin/bin/../../lib/libc99-pic30-elf.a(unpackdnrmfx.XX_o)
 .debug_abbrev    0x000064         0x14 /opt/microchip/xc16/v2.10/bin/bin/../../lib/libc99-pic30-elf.a(typefx.XX_o)
 .debug_abbrev    0x000078         0x14 /opt/microchip/xc16/v2.10/bin/bin/../../lib/libc99-pic30-elf.a(propnanfx.XX_o)
 .debug_abbrev    0x00008c         0x14 /opt/microchip/xc16/v2.10/bin/bin/../../lib/libc99-pic30-elf.a(floatundisf.XX_o)
 .debug_abbrev    0x0000a0         0x14 /opt/microchip/xc16/v2.10/bin/bin/../../lib/libc99-pic30-elf.a(fpack.XX_o)
 .debug_abbrev    0x0000b4         0x14 /opt/microchip/xc16/v2.10/bin/bin/../../lib/libc99-pic30-elf.a(deqltle.XX_o)
 .debug_abbrev    0x0000c8         0x14 /opt/microchip/xc16/v2.10/bin/bin/../../lib/libc99-pic30-elf.a(dgtge.XX_o)
 .debug_abbrev    0x0000dc         0x14 /opt/microchip/xc16/v2.10/bin/bin/../../lib/libc99-pic30-elf.a(divsi3.XX_o)
 .debug_abbrev    0x0000f0         0x14 /opt/microchip/xc16/v2.10/bin/bin/../../lib/libc99-pic30-elf.a(dne.XX_o)
 .debug_abbrev    0x000104         0x14 /opt/microchip/xc16/v2.10/bin/bin/../../lib/libc99-pic30-elf.a(extendsfdf.XX_o)
 .debug_abbrev    0x000118         0x14 /opt/microchip/xc16/v2.10/bin/bin/../../lib/libc99-pic30-elf.a(fixdfsi.XX_o)
 .debug_abbrev    0x00012c         0x14 /opt/microchip/xc16/v2.10/bin/bin/../../lib/libc99-pic30-elf.a(floatsidf.XX_o)
 .debug_abbrev    0x000140         0x14 /opt/microchip/xc16/v2.10/bin/bin/../../lib/libc99-pic30-elf.a(floatsisf.XX_o)
 .debug_abbrev    0x000154         0x14 /opt/microchip/xc16/v2.10/bin/bin/../../lib/libc99-pic30-elf.a(floatunsidf.XX_o)
 .debug_abbrev    0x000168         0x14 /opt/microchip/xc16/v2.10/bin/bin/../../lib/libc99-pic30-elf.a(funpack.XX_o)
 .debug_abbrev    0x00017c         0x14 /opt/microchip/xc16/v2.10/bin/bin/../../lib/libc99-pic30-elf.a(truncdfsf.XX_o)
 .debug_abbrev    0x000190         0x14 /opt/microchip/xc16/v2.10/bin/bin/../../lib/libc99-pic30-elf.a(umodsi3.XX_o)
 .debug_abbrev    0x0001a4         0x14 /opt/microchip/xc16/v2.10/bin/bin/../../lib/libc99-pic30-elf.a(mulsi3.XX_o)
 .debug_abbrev    0x0001b8         0x14 /opt/microchip/xc16/v2.10/bin/bin/../../lib/libc99-pic30-elf.a(dpadd.XX_o)
 .debug_abbrev    0x0001cc         0x14 /opt/microchip/xc16/v2.10/bin/bin/../../lib/libc99-pic30-elf.a(dpdiv.XX_o)
 .debug_abbrev    0x0001e0         0x14 /opt/microchip/xc16/v2.10/bin/bin/../../lib/libc99-pic30-elf.a(dpmul.XX_o)
 .debug_abbrev    0x0001f4         0x14 /opt/microchip/xc16/v2.10/bin/bin/../../lib/libc99-pic30-elf.a(dpsubs.XX_o)
 .debug_abbrev    0x000208         0x14 /opt/microchip/xc16/v2.10/bin/bin/../../lib/libc99-pic30-elf.a(dcompare.XX_o)
 .debug_abbrev    0x00021c         0x14 /opt/microchip/xc16/v2.10/bin/bin/../../lib/libc99-pic30-elf.a(dtype.XX_o)
 .debug_abbrev    0x000230         0x14 /opt/microchip/xc16/v2.10/bin/bin/../../lib/libc99-pic30-elf.a(dunpack.XX_o)
 .debug_abbrev    0x000244         0x14 /opt/microchip/xc16/v2.10/bin/bin/../../lib/libc99-pic30-elf.a(dunpack2.XX_o)
 .debug_abbrev    0x000258         0x14 /opt/microchip/xc16/v2.10/bin/bin/../../lib/libc99-pic30-elf.a(floatdidf.XX_o)
 .debug_abbrev    0x00026c         0x14 /opt/microchip/xc16/v2.10/bin/bin/../../lib/libc99-pic30-elf.a(floatdisf.XX_o)
 .debug_abbrev    0x000280         0x14 /opt/microchip/xc16/v2.10/bin/bin/../../lib/libc99-pic30-elf.a(floatundidf.XX_o)
 .debug_abbrev    0x000294         0x14 /opt/microchip/xc16/v2.10/bin/bin/../../lib/libc99-pic30-elf.a(umuldi3.XX_o)
 .debug_abbrev    0x0002a8         0x14 /opt/microchip/xc16/v2.10/bin/bin/../../lib/libc99-pic30-elf.a(dpack.XX_o)
 .debug_abbrev    0x0002bc         0x14 /opt/microchip/xc16/v2.10/bin/bin/../../lib/libc99-pic30-elf.a(dpropagateNaN.XX_o)

.debug_line       0x000000        0xdd3
 *(.debug_line)
 .debug_line      0x000000         0x3b /opt/microchip/xc16/v2.10/bin/bin/../../lib/libc99-pic30-elf.a(floatunsisf.XX_o)
 .debug_line      0x00003b         0x45 /opt/microchip/xc16/v2.10/bin/bin/../../lib/libc99-pic30-elf.a(udivsi3.XX_o)
 .debug_line      0x000080         0xcc /opt/microchip/xc16/v2.10/bin/bin/../../lib/libc99-pic30-elf.a(mulsf3x.XX_o)
 .debug_line      0x00014c         0x72 /opt/microchip/xc16/v2.10/bin/bin/../../lib/libc99-pic30-elf.a(dnrmpackfx.XX_o)
 .debug_line      0x0001be         0x7a /opt/microchip/xc16/v2.10/bin/bin/../../lib/libc99-pic30-elf.a(unpackdnrmfx.XX_o)
 .debug_line      0x000238         0x5e /opt/microchip/xc16/v2.10/bin/bin/../../lib/libc99-pic30-elf.a(typefx.XX_o)
 .debug_line      0x000296         0x51 /opt/microchip/xc16/v2.10/bin/bin/../../lib/libc99-pic30-elf.a(propnanfx.XX_o)
 .debug_line      0x0002e7         0x6c /opt/microchip/xc16/v2.10/bin/bin/../../lib/libc99-pic30-elf.a(floatundisf.XX_o)
 .debug_line      0x000353         0x5a /opt/microchip/xc16/v2.10/bin/bin/../../lib/libc99-pic30-elf.a(fpack.XX_o)
 .debug_line      0x0003ad         0x3a /opt/microchip/xc16/v2.10/bin/bin/../../lib/libc99-pic30-elf.a(deqltle.XX_o)
 .debug_line      0x0003e7         0x38 /opt/microchip/xc16/v2.10/bin/bin/../../lib/libc99-pic30-elf.a(dgtge.XX_o)
 .debug_line      0x00041f         0x43 /opt/microchip/xc16/v2.10/bin/bin/../../lib/libc99-pic30-elf.a(divsi3.XX_o)
 .debug_line      0x000462         0x36 /opt/microchip/xc16/v2.10/bin/bin/../../lib/libc99-pic30-elf.a(dne.XX_o)
 .debug_line      0x000498         0x59 /opt/microchip/xc16/v2.10/bin/bin/../../lib/libc99-pic30-elf.a(extendsfdf.XX_o)
 .debug_line      0x0004f1         0x61 /opt/microchip/xc16/v2.10/bin/bin/../../lib/libc99-pic30-elf.a(fixdfsi.XX_o)
 .debug_line      0x000552         0x3a /opt/microchip/xc16/v2.10/bin/bin/../../lib/libc99-pic30-elf.a(floatsidf.XX_o)
 .debug_line      0x00058c         0x3a /opt/microchip/xc16/v2.10/bin/bin/../../lib/libc99-pic30-elf.a(floatsisf.XX_o)
 .debug_line      0x0005c6         0x3b /opt/microchip/xc16/v2.10/bin/bin/../../lib/libc99-pic30-elf.a(floatunsidf.XX_o)
 .debug_line      0x000601         0x4a /opt/microchip/xc16/v2.10/bin/bin/../../lib/libc99-pic30-elf.a(funpack.XX_o)
 .debug_line      0x00064b         0x66 /opt/microchip/xc16/v2.10/bin/bin/../../lib/libc99-pic30-elf.a(truncdfsf.XX_o)
 .debug_line      0x0006b1         0x38 /opt/microchip/xc16/v2.10/bin/bin/../../lib/libc99-pic30-elf.a(umodsi3.XX_o)
 .debug_line      0x0006e9         0x3a /opt/microchip/xc16/v2.10/bin/bin/../../lib/libc99-pic30-elf.a(mulsi3.XX_o)
 .debug_line      0x000723         0xa2 /opt/microchip/xc16/v2.10/bin/bin/../../lib/libc99-pic30-elf.a(dpadd.XX_o)
 .debug_line      0x0007c5        0x100 /opt/microchip/xc16/v2.10/bin/bin/../../lib/libc99-pic30-elf.a(dpdiv.XX_o)
 .debug_line      0x0008c5         0xde /opt/microchip/xc16/v2.10/bin/bin/../../lib/libc99-pic30-elf.a(dpmul.XX_o)
 .debug_line      0x0009a3         0xe8 /opt/microchip/xc16/v2.10/bin/bin/../../lib/libc99-pic30-elf.a(dpsubs.XX_o)
 .debug_line      0x000a8b         0x5f /opt/microchip/xc16/v2.10/bin/bin/../../lib/libc99-pic30-elf.a(dcompare.XX_o)
 .debug_line      0x000aea         0x45 /opt/microchip/xc16/v2.10/bin/bin/../../lib/libc99-pic30-elf.a(dtype.XX_o)
 .debug_line      0x000b2f         0x5c /opt/microchip/xc16/v2.10/bin/bin/../../lib/libc99-pic30-elf.a(dunpack.XX_o)
 .debug_line      0x000b8b         0x53 /opt/microchip/xc16/v2.10/bin/bin/../../lib/libc99-pic30-elf.a(dunpack2.XX_o)
 .debug_line      0x000bde         0x47 /opt/microchip/xc16/v2.10/bin/bin/../../lib/libc99-pic30-elf.a(floatdidf.XX_o)
 .debug_line      0x000c25         0x47 /opt/microchip/xc16/v2.10/bin/bin/../../lib/libc99-pic30-elf.a(floatdisf.XX_o)
 .debug_line      0x000c6c         0x68 /opt/microchip/xc16/v2.10/bin/bin/../../lib/libc99-pic30-elf.a(floatundidf.XX_o)
 .debug_line      0x000cd4         0x57 /opt/microchip/xc16/v2.10/bin/bin/../../lib/libc99-pic30-elf.a(umuldi3.XX_o)
 .debug_line      0x000d2b         0x5f /opt/microchip/xc16/v2.10/bin/bin/../../lib/libc99-pic30-elf.a(dpack.XX_o)
 .debug_line      0x000d8a         0x49 /opt/microchip/xc16/v2.10/bin/bin/../../lib/libc99-pic30-elf.a(dpropagateNaN.XX_o)

.debug_frame
 *(.debug_frame)

.debug_str
 *(.debug_str)

.debug_loc
 *(.debug_loc)

.debug_macinfo
 *(.debug_macinfo)

.debug_pubnames
 *(.debug_pubnames)

.debug_ranges
 *(.debug_ranges)

.debug_aranges    0x000000        0x480
 *(.debug_aranges)
 .debug_aranges
                  0x000000         0x20 /opt/microchip/xc16/v2.10/bin/bin/../../lib/libc99-pic30-elf.a(floatunsisf.XX_o)
 .debug_aranges
                  0x000020         0x20 /opt/microchip/xc16/v2.10/bin/bin/../../lib/libc99-pic30-elf.a(udivsi3.XX_o)
 .debug_aranges
                  0x000040         0x20 /opt/microchip/xc16/v2.10/bin/bin/../../lib/libc99-pic30-elf.a(mulsf3x.XX_o)
 .debug_aranges
                  0x000060         0x20 /opt/microchip/xc16/v2.10/bin/bin/../../lib/libc99-pic30-elf.a(dnrmpackfx.XX_o)
 .debug_aranges
                  0x000080         0x20 /opt/microchip/xc16/v2.10/bin/bin/../../lib/libc99-pic30-elf.a(unpackdnrmfx.XX_o)
 .debug_aranges
                  0x0000a0         0x20 /opt/microchip/xc16/v2.10/bin/bin/../../lib/libc99-pic30-elf.a(typefx.XX_o)
 .debug_aranges
                  0x0000c0         0x20 /opt/microchip/xc16/v2.10/bin/bin/../../lib/libc99-pic30-elf.a(propnanfx.XX_o)
 .debug_aranges
                  0x0000e0         0x20 /opt/microchip/xc16/v2.10/bin/bin/../../lib/libc99-pic30-elf.a(floatundisf.XX_o)
 .debug_aranges
                  0x000100         0x20 /opt/microchip/xc16/v2.10/bin/bin/../../lib/libc99-pic30-elf.a(fpack.XX_o)
 .debug_aranges
                  0x000120         0x20 /opt/microchip/xc16/v2.10/bin/bin/../../lib/libc99-pic30-elf.a(deqltle.XX_o)
 .debug_aranges
                  0x000140         0x20 /opt/microchip/xc16/v2.10/bin/bin/../../lib/libc99-pic30-elf.a(dgtge.XX_o)
 .debug_aranges
                  0x000160         0x20 /opt/microchip/xc16/v2.10/bin/bin/../../lib/libc99-pic30-elf.a(divsi3.XX_o)
 .debug_aranges
                  0x000180         0x20 /opt/microchip/xc16/v2.10/bin/bin/../../lib/libc99-pic30-elf.a(dne.XX_o)
 .debug_aranges
                  0x0001a0         0x20 /opt/microchip/xc16/v2.10/bin/bin/../../lib/libc99-pic30-elf.a(extendsfdf.XX_o)
 .debug_aranges
                  0x0001c0         0x20 /opt/microchip/xc16/v2.10/bin/bin/../../lib/libc99-pic30-elf.a(fixdfsi.XX_o)
 .debug_aranges
                  0x0001e0         0x20 /opt/microchip/xc16/v2.10/bin/bin/../../lib/libc99-pic30-elf.a(floatsidf.XX_o)
 .debug_aranges
                  0x000200         0x20 /opt/microchip/xc16/v2.10/bin/bin/../../lib/libc99-pic30-elf.a(floatsisf.XX_o)
 .debug_aranges
                  0x000220         0x20 /opt/microchip/xc16/v2.10/bin/bin/../../lib/libc99-pic30-elf.a(floatunsidf.XX_o)
 .debug_aranges
                  0x000240         0x20 /opt/microchip/xc16/v2.10/bin/bin/../../lib/libc99-pic30-elf.a(funpack.XX_o)
 .debug_aranges
                  0x000260         0x20 /opt/microchip/xc16/v2.10/bin/bin/../../lib/libc99-pic30-elf.a(truncdfsf.XX_o)
 .debug_aranges
                  0x000280         0x20 /opt/microchip/xc16/v2.10/bin/bin/../../lib/libc99-pic30-elf.a(umodsi3.XX_o)
 .debug_aranges
                  0x0002a0         0x20 /opt/microchip/xc16/v2.10/bin/bin/../../lib/libc99-pic30-elf.a(mulsi3.XX_o)
 .debug_aranges
                  0x0002c0         0x20 /opt/microchip/xc16/v2.10/bin/bin/../../lib/libc99-pic30-elf.a(dpadd.XX_o)
 .debug_aranges
                  0x0002e0         0x20 /opt/microchip/xc16/v2.10/bin/bin/../../lib/libc99-pic30-elf.a(dpdiv.XX_o)
 .debug_aranges
                  0x000300         0x20 /opt/microchip/xc16/v2.10/bin/bin/../../lib/libc99-pic30-elf.a(dpmul.XX_o)
 .debug_aranges
                  0x000320         0x20 /opt/microchip/xc16/v2.10/bin/bin/../../lib/libc99-pic30-elf.a(dpsubs.XX_o)
 .debug_aranges
                  0x000340         0x20 /opt/microchip/xc16/v2.10/bin/bin/../../lib/libc99-pic30-elf.a(dcompare.XX_o)
 .debug_aranges
                  0x000360         0x20 /opt/microchip/xc16/v2.10/bin/bin/../../lib/libc99-pic30-elf.a(dtype.XX_o)
 .debug_aranges
                  0x000380         0x20 /opt/microchip/xc16/v2.10/bin/bin/../../lib/libc99-pic30-elf.a(dunpack.XX_o)
 .debug_aranges
                  0x0003a0         0x20 /opt/microchip/xc16/v2.10/bin/bin/../../lib/libc99-pic30-elf.a(dunpack2.XX_o)
 .debug_aranges
                  0x0003c0         0x20 /opt/microchip/xc16/v2.10/bin/bin/../../lib/libc99-pic30-elf.a(floatdidf.XX_o)
 .debug_aranges
                  0x0003e0         0x20 /opt/microchip/xc16/v2.10/bin/bin/../../lib/libc99-pic30-elf.a(floatdisf.XX_o)
 .debug_aranges
                  0x000400         0x20 /opt/microchip/xc16/v2.10/bin/bin/../../lib/libc99-pic30-elf.a(floatundidf.XX_o)
 .debug_aranges
                  0x000420         0x20 /opt/microchip/xc16/v2.10/bin/bin/../../lib/libc99-pic30-elf.a(umuldi3.XX_o)
 .debug_aranges
                  0x000440         0x20 /opt/microchip/xc16/v2.10/bin/bin/../../lib/libc99-pic30-elf.a(dpack.XX_o)
 .debug_aranges
                  0x000460         0x20 /opt/microchip/xc16/v2.10/bin/bin/../../lib/libc99-pic30-elf.a(dpropagateNaN.XX_o)
                    0x0000                  WREG0 = 0x0
                    0x0000                  _WREG0 = 0x0
                    0x0002                  WREG1 = 0x2
                    0x0002                  _WREG1 = 0x2
                    0x0004                  WREG2 = 0x4
                    0x0004                  _WREG2 = 0x4
                    0x0006                  WREG3 = 0x6
                    0x0006                  _WREG3 = 0x6
                    0x0008                  WREG4 = 0x8
                    0x0008                  _WREG4 = 0x8
                    0x000a                  WREG5 = 0xa
                    0x000a                  _WREG5 = 0xa
                    0x000c                  WREG6 = 0xc
                    0x000c                  _WREG6 = 0xc
                    0x000e                  WREG7 = 0xe
                    0x000e                  _WREG7 = 0xe
                    0x0010                  WREG8 = 0x10
                    0x0010                  _WREG8 = 0x10
                    0x0012                  WREG9 = 0x12
                    0x0012                  _WREG9 = 0x12
                    0x0014                  WREG10 = 0x14
                    0x0014                  _WREG10 = 0x14
                    0x0016                  WREG11 = 0x16
                    0x0016                  _WREG11 = 0x16
                    0x0018                  WREG12 = 0x18
                    0x0018                  _WREG12 = 0x18
                    0x001a                  WREG13 = 0x1a
                    0x001a                  _WREG13 = 0x1a
                    0x001c                  WREG14 = 0x1c
                    0x001c                  _WREG14 = 0x1c
                    0x001e                  WREG15 = 0x1e
                    0x001e                  _WREG15 = 0x1e
                    0x0020                  SPLIM = 0x20
                    0x0020                  _SPLIM = 0x20
                    0x002e                  PCL = 0x2e
                    0x002e                  _PCL = 0x2e
                    0x0030                  PCH = 0x30
                    0x0030                  _PCH = 0x30
                    0x0032                  TBLPAG = 0x32
                    0x0032                  _TBLPAG = 0x32
                    0x0034                  PSVPAG = 0x34
                    0x0034                  _PSVPAG = 0x34
                    0x0036                  RCOUNT = 0x36
                    0x0036                  _RCOUNT = 0x36
                    0x0042                  SR = 0x42
                    0x0042                  _SR = 0x42
                    0x0042                  _SRbits = 0x42
                    0x0044                  CORCON = 0x44
                    0x0044                  _CORCON = 0x44
                    0x0044                  _CORCONbits = 0x44
                    0x0052                  DISICNT = 0x52
                    0x0052                  _DISICNT = 0x52
                    0x0060                  CNEN1 = 0x60
                    0x0060                  _CNEN1 = 0x60
                    0x0060                  _CNEN1bits = 0x60
                    0x0062                  CNEN2 = 0x62
                    0x0062                  _CNEN2 = 0x62
                    0x0062                  _CNEN2bits = 0x62
                    0x0068                  CNPU1 = 0x68
                    0x0068                  _CNPU1 = 0x68
                    0x0068                  _CNPU1bits = 0x68
                    0x006a                  CNPU2 = 0x6a
                    0x006a                  _CNPU2 = 0x6a
                    0x006a                  _CNPU2bits = 0x6a
                    0x0080                  INTCON1 = 0x80
                    0x0080                  _INTCON1 = 0x80
                    0x0080                  _INTCON1bits = 0x80
                    0x0082                  INTCON2 = 0x82
                    0x0082                  _INTCON2 = 0x82
                    0x0082                  _INTCON2bits = 0x82
                    0x0084                  IFS0 = 0x84
                    0x0084                  _IFS0 = 0x84
                    0x0084                  _IFS0bits = 0x84
                    0x0086                  IFS1 = 0x86
                    0x0086                  _IFS1 = 0x86
                    0x0086                  _IFS1bits = 0x86
                    0x0088                  IFS2 = 0x88
                    0x0088                  _IFS2 = 0x88
                    0x0088                  _IFS2bits = 0x88
                    0x008a                  IFS3 = 0x8a
                    0x008a                  _IFS3 = 0x8a
                    0x008a                  _IFS3bits = 0x8a
                    0x008c                  IFS4 = 0x8c
                    0x008c                  _IFS4 = 0x8c
                    0x008c                  _IFS4bits = 0x8c
                    0x0094                  IEC0 = 0x94
                    0x0094                  _IEC0 = 0x94
                    0x0094                  _IEC0bits = 0x94
                    0x0096                  IEC1 = 0x96
                    0x0096                  _IEC1 = 0x96
                    0x0096                  _IEC1bits = 0x96
                    0x0098                  IEC2 = 0x98
                    0x0098                  _IEC2 = 0x98
                    0x0098                  _IEC2bits = 0x98
                    0x009a                  IEC3 = 0x9a
                    0x009a                  _IEC3 = 0x9a
                    0x009a                  _IEC3bits = 0x9a
                    0x009c                  IEC4 = 0x9c
                    0x009c                  _IEC4 = 0x9c
                    0x009c                  _IEC4bits = 0x9c
                    0x00a4                  IPC0 = 0xa4
                    0x00a4                  _IPC0 = 0xa4
                    0x00a4                  _IPC0bits = 0xa4
                    0x00a6                  IPC1 = 0xa6
                    0x00a6                  _IPC1 = 0xa6
                    0x00a6                  _IPC1bits = 0xa6
                    0x00a8                  IPC2 = 0xa8
                    0x00a8                  _IPC2 = 0xa8
                    0x00a8                  _IPC2bits = 0xa8
                    0x00aa                  IPC3 = 0xaa
                    0x00aa                  _IPC3 = 0xaa
                    0x00aa                  _IPC3bits = 0xaa
                    0x00ac                  IPC4 = 0xac
                    0x00ac                  _IPC4 = 0xac
                    0x00ac                  _IPC4bits = 0xac
                    0x00ae                  IPC5 = 0xae
                    0x00ae                  _IPC5 = 0xae
                    0x00ae                  _IPC5bits = 0xae
                    0x00b0                  IPC6 = 0xb0
                    0x00b0                  _IPC6 = 0xb0
                    0x00b0                  _IPC6bits = 0xb0
                    0x00b2                  IPC7 = 0xb2
                    0x00b2                  _IPC7 = 0xb2
                    0x00b2                  _IPC7bits = 0xb2
                    0x00b4                  IPC8 = 0xb4
                    0x00b4                  _IPC8 = 0xb4
                    0x00b4                  _IPC8bits = 0xb4
                    0x00b6                  IPC9 = 0xb6
                    0x00b6                  _IPC9 = 0xb6
                    0x00b6                  _IPC9bits = 0xb6
                    0x00b8                  IPC10 = 0xb8
                    0x00b8                  _IPC10 = 0xb8
                    0x00b8                  _IPC10bits = 0xb8
                    0x00ba                  IPC11 = 0xba
                    0x00ba                  _IPC11 = 0xba
                    0x00ba                  _IPC11bits = 0xba
                    0x00bc                  IPC12 = 0xbc
                    0x00bc                  _IPC12 = 0xbc
                    0x00bc                  _IPC12bits = 0xbc
                    0x00c2                  IPC15 = 0xc2
                    0x00c2                  _IPC15 = 0xc2
                    0x00c2                  _IPC15bits = 0xc2
                    0x00c4                  IPC16 = 0xc4
                    0x00c4                  _IPC16 = 0xc4
                    0x00c4                  _IPC16bits = 0xc4
                    0x00c8                  IPC18 = 0xc8
                    0x00c8                  _IPC18 = 0xc8
                    0x00c8                  _IPC18bits = 0xc8
                    0x00e0                  INTTREG = 0xe0
                    0x00e0                  _INTTREG = 0xe0
                    0x00e0                  _INTTREGbits = 0xe0
                    0x0100                  TMR1 = 0x100
                    0x0100                  _TMR1 = 0x100
                    0x0102                  PR1 = 0x102
                    0x0102                  _PR1 = 0x102
                    0x0104                  T1CON = 0x104
                    0x0104                  _T1CON = 0x104
                    0x0104                  _T1CONbits = 0x104
                    0x0106                  TMR2 = 0x106
                    0x0106                  _TMR2 = 0x106
                    0x0108                  TMR3HLD = 0x108
                    0x0108                  _TMR3HLD = 0x108
                    0x010a                  TMR3 = 0x10a
                    0x010a                  _TMR3 = 0x10a
                    0x010c                  PR2 = 0x10c
                    0x010c                  _PR2 = 0x10c
                    0x010e                  PR3 = 0x10e
                    0x010e                  _PR3 = 0x10e
                    0x0110                  T2CON = 0x110
                    0x0110                  _T2CON = 0x110
                    0x0110                  _T2CONbits = 0x110
                    0x0112                  T3CON = 0x112
                    0x0112                  _T3CON = 0x112
                    0x0112                  _T3CONbits = 0x112
                    0x0114                  TMR4 = 0x114
                    0x0114                  _TMR4 = 0x114
                    0x0116                  TMR5HLD = 0x116
                    0x0116                  _TMR5HLD = 0x116
                    0x0118                  TMR5 = 0x118
                    0x0118                  _TMR5 = 0x118
                    0x011a                  PR4 = 0x11a
                    0x011a                  _PR4 = 0x11a
                    0x011c                  PR5 = 0x11c
                    0x011c                  _PR5 = 0x11c
                    0x011e                  T4CON = 0x11e
                    0x011e                  _T4CON = 0x11e
                    0x011e                  _T4CONbits = 0x11e
                    0x0120                  T5CON = 0x120
                    0x0120                  _T5CON = 0x120
                    0x0120                  _T5CONbits = 0x120
                    0x0140                  IC1BUF = 0x140
                    0x0140                  _IC1BUF = 0x140
                    0x0142                  IC1CON = 0x142
                    0x0142                  _IC1CON = 0x142
                    0x0142                  _IC1CONbits = 0x142
                    0x0144                  IC2BUF = 0x144
                    0x0144                  _IC2BUF = 0x144
                    0x0146                  IC2CON = 0x146
                    0x0146                  _IC2CON = 0x146
                    0x0146                  _IC2CONbits = 0x146
                    0x0148                  IC3BUF = 0x148
                    0x0148                  _IC3BUF = 0x148
                    0x014a                  IC3CON = 0x14a
                    0x014a                  _IC3CON = 0x14a
                    0x014a                  _IC3CONbits = 0x14a
                    0x014c                  IC4BUF = 0x14c
                    0x014c                  _IC4BUF = 0x14c
                    0x014e                  IC4CON = 0x14e
                    0x014e                  _IC4CON = 0x14e
                    0x014e                  _IC4CONbits = 0x14e
                    0x0150                  IC5BUF = 0x150
                    0x0150                  _IC5BUF = 0x150
                    0x0152                  IC5CON = 0x152
                    0x0152                  _IC5CON = 0x152
                    0x0152                  _IC5CONbits = 0x152
                    0x0180                  OC1RS = 0x180
                    0x0180                  _OC1RS = 0x180
                    0x0182                  OC1R = 0x182
                    0x0182                  _OC1R = 0x182
                    0x0184                  OC1CON = 0x184
                    0x0184                  _OC1CON = 0x184
                    0x0184                  _OC1CONbits = 0x184
                    0x0186                  OC2RS = 0x186
                    0x0186                  _OC2RS = 0x186
                    0x0188                  OC2R = 0x188
                    0x0188                  _OC2R = 0x188
                    0x018a                  OC2CON = 0x18a
                    0x018a                  _OC2CON = 0x18a
                    0x018a                  _OC2CONbits = 0x18a
                    0x018c                  OC3RS = 0x18c
                    0x018c                  _OC3RS = 0x18c
                    0x018e                  OC3R = 0x18e
                    0x018e                  _OC3R = 0x18e
                    0x0190                  OC3CON = 0x190
                    0x0190                  _OC3CON = 0x190
                    0x0190                  _OC3CONbits = 0x190
                    0x0192                  OC4RS = 0x192
                    0x0192                  _OC4RS = 0x192
                    0x0194                  OC4R = 0x194
                    0x0194                  _OC4R = 0x194
                    0x0196                  OC4CON = 0x196
                    0x0196                  _OC4CON = 0x196
                    0x0196                  _OC4CONbits = 0x196
                    0x0198                  OC5RS = 0x198
                    0x0198                  _OC5RS = 0x198
                    0x019a                  OC5R = 0x19a
                    0x019a                  _OC5R = 0x19a
                    0x019c                  OC5CON = 0x19c
                    0x019c                  _OC5CON = 0x19c
                    0x019c                  _OC5CONbits = 0x19c
                    0x0200                  I2C1RCV = 0x200
                    0x0200                  _I2C1RCV = 0x200
                    0x0202                  I2C1TRN = 0x202
                    0x0202                  _I2C1TRN = 0x202
                    0x0204                  I2C1BRG = 0x204
                    0x0204                  _I2C1BRG = 0x204
                    0x0206                  I2C1CON = 0x206
                    0x0206                  _I2C1CON = 0x206
                    0x0206                  _I2C1CONbits = 0x206
                    0x0208                  I2C1STAT = 0x208
                    0x0208                  _I2C1STAT = 0x208
                    0x0208                  _I2C1STATbits = 0x208
                    0x020a                  I2C1ADD = 0x20a
                    0x020a                  _I2C1ADD = 0x20a
                    0x020c                  I2C1MSK = 0x20c
                    0x020c                  _I2C1MSK = 0x20c
                    0x0210                  I2C2RCV = 0x210
                    0x0210                  _I2C2RCV = 0x210
                    0x0212                  I2C2TRN = 0x212
                    0x0212                  _I2C2TRN = 0x212
                    0x0214                  I2C2BRG = 0x214
                    0x0214                  _I2C2BRG = 0x214
                    0x0216                  I2C2CON = 0x216
                    0x0216                  _I2C2CON = 0x216
                    0x0216                  _I2C2CONbits = 0x216
                    0x0218                  I2C2STAT = 0x218
                    0x0218                  _I2C2STAT = 0x218
                    0x0218                  _I2C2STATbits = 0x218
                    0x021a                  I2C2ADD = 0x21a
                    0x021a                  _I2C2ADD = 0x21a
                    0x021c                  I2C2MSK = 0x21c
                    0x021c                  _I2C2MSK = 0x21c
                    0x0220                  U1MODE = 0x220
                    0x0220                  _U1MODE = 0x220
                    0x0220                  _U1MODEbits = 0x220
                    0x0222                  U1STA = 0x222
                    0x0222                  _U1STA = 0x222
                    0x0222                  _U1STAbits = 0x222
                    0x0224                  U1TXREG = 0x224
                    0x0224                  _U1TXREG = 0x224
                    0x0226                  U1RXREG = 0x226
                    0x0226                  _U1RXREG = 0x226
                    0x0228                  U1BRG = 0x228
                    0x0228                  _U1BRG = 0x228
                    0x0230                  U2MODE = 0x230
                    0x0230                  _U2MODE = 0x230
                    0x0230                  _U2MODEbits = 0x230
                    0x0232                  U2STA = 0x232
                    0x0232                  _U2STA = 0x232
                    0x0232                  _U2STAbits = 0x232
                    0x0234                  U2TXREG = 0x234
                    0x0234                  _U2TXREG = 0x234
                    0x0236                  U2RXREG = 0x236
                    0x0236                  _U2RXREG = 0x236
                    0x0238                  U2BRG = 0x238
                    0x0238                  _U2BRG = 0x238
                    0x0240                  SPI1STAT = 0x240
                    0x0240                  _SPI1STAT = 0x240
                    0x0240                  _SPI1STATbits = 0x240
                    0x0242                  SPI1CON1 = 0x242
                    0x0242                  _SPI1CON1 = 0x242
                    0x0242                  _SPI1CON1bits = 0x242
                    0x0244                  SPI1CON2 = 0x244
                    0x0244                  _SPI1CON2 = 0x244
                    0x0244                  _SPI1CON2bits = 0x244
                    0x0248                  SPI1BUF = 0x248
                    0x0248                  _SPI1BUF = 0x248
                    0x0260                  SPI2STAT = 0x260
                    0x0260                  _SPI2STAT = 0x260
                    0x0260                  _SPI2STATbits = 0x260
                    0x0262                  SPI2CON1 = 0x262
                    0x0262                  _SPI2CON1 = 0x262
                    0x0262                  _SPI2CON1bits = 0x262
                    0x0264                  SPI2CON2 = 0x264
                    0x0264                  _SPI2CON2 = 0x264
                    0x0264                  _SPI2CON2bits = 0x264
                    0x0268                  SPI2BUF = 0x268
                    0x0268                  _SPI2BUF = 0x268
                    0x02c0                  TRISA = 0x2c0
                    0x02c0                  _TRISA = 0x2c0
                    0x02c0                  _TRISAbits = 0x2c0
                    0x02c2                  PORTA = 0x2c2
                    0x02c2                  _PORTA = 0x2c2
                    0x02c2                  _PORTAbits = 0x2c2
                    0x02c4                  LATA = 0x2c4
                    0x02c4                  _LATA = 0x2c4
                    0x02c4                  _LATAbits = 0x2c4
                    0x02c6                  ODCA = 0x2c6
                    0x02c6                  _ODCA = 0x2c6
                    0x02c6                  _ODCAbits = 0x2c6
                    0x02c8                  TRISB = 0x2c8
                    0x02c8                  _TRISB = 0x2c8
                    0x02c8                  _TRISBbits = 0x2c8
                    0x02ca                  PORTB = 0x2ca
                    0x02ca                  _PORTB = 0x2ca
                    0x02ca                  _PORTBbits = 0x2ca
                    0x02cc                  LATB = 0x2cc
                    0x02cc                  _LATB = 0x2cc
                    0x02cc                  _LATBbits = 0x2cc
                    0x02ce                  ODCB = 0x2ce
                    0x02ce                  _ODCB = 0x2ce
                    0x02ce                  _ODCBbits = 0x2ce
                    0x02fc                  PADCFG1 = 0x2fc
                    0x02fc                  _PADCFG1 = 0x2fc
                    0x02fc                  _PADCFG1bits = 0x2fc
                    0x0300                  ADC1BUF0 = 0x300
                    0x0300                  _ADC1BUF0 = 0x300
                    0x0302                  ADC1BUF1 = 0x302
                    0x0302                  _ADC1BUF1 = 0x302
                    0x0304                  ADC1BUF2 = 0x304
                    0x0304                  _ADC1BUF2 = 0x304
                    0x0306                  ADC1BUF3 = 0x306
                    0x0306                  _ADC1BUF3 = 0x306
                    0x0308                  ADC1BUF4 = 0x308
                    0x0308                  _ADC1BUF4 = 0x308
                    0x030a                  ADC1BUF5 = 0x30a
                    0x030a                  _ADC1BUF5 = 0x30a
                    0x030c                  ADC1BUF6 = 0x30c
                    0x030c                  _ADC1BUF6 = 0x30c
                    0x030e                  ADC1BUF7 = 0x30e
                    0x030e                  _ADC1BUF7 = 0x30e
                    0x0310                  ADC1BUF8 = 0x310
                    0x0310                  _ADC1BUF8 = 0x310
                    0x0312                  ADC1BUF9 = 0x312
                    0x0312                  _ADC1BUF9 = 0x312
                    0x0314                  ADC1BUFA = 0x314
                    0x0314                  _ADC1BUFA = 0x314
                    0x0316                  ADC1BUFB = 0x316
                    0x0316                  _ADC1BUFB = 0x316
                    0x0318                  ADC1BUFC = 0x318
                    0x0318                  _ADC1BUFC = 0x318
                    0x031a                  ADC1BUFD = 0x31a
                    0x031a                  _ADC1BUFD = 0x31a
                    0x031c                  ADC1BUFE = 0x31c
                    0x031c                  _ADC1BUFE = 0x31c
                    0x031e                  ADC1BUFF = 0x31e
                    0x031e                  _ADC1BUFF = 0x31e
                    0x0320                  AD1CON1 = 0x320
                    0x0320                  _AD1CON1 = 0x320
                    0x0320                  _AD1CON1bits = 0x320
                    0x0322                  AD1CON2 = 0x322
                    0x0322                  _AD1CON2 = 0x322
                    0x0322                  _AD1CON2bits = 0x322
                    0x0324                  AD1CON3 = 0x324
                    0x0324                  _AD1CON3 = 0x324
                    0x0324                  _AD1CON3bits = 0x324
                    0x0328                  AD1CHS = 0x328
                    0x0328                  _AD1CHS = 0x328
                    0x0328                  _AD1CHSbits = 0x328
                    0x032c                  AD1PCFG = 0x32c
                    0x032c                  _AD1PCFG = 0x32c
                    0x032c                  _AD1PCFGbits = 0x32c
                    0x0330                  AD1CSSL = 0x330
                    0x0330                  _AD1CSSL = 0x330
                    0x0330                  _AD1CSSLbits = 0x330
                    0x0600                  PMCON = 0x600
                    0x0600                  _PMCON = 0x600
                    0x0600                  _PMCONbits = 0x600
                    0x0602                  PMMODE = 0x602
                    0x0602                  _PMMODE = 0x602
                    0x0602                  _PMMODEbits = 0x602
                    0x0604                  PMADDR = 0x604
                    0x0604                  _PMADDR = 0x604
                    0x0604                  _PMADDRbits = 0x604
                    0x0604                  PMDOUT1 = 0x604
                    0x0604                  _PMDOUT1 = 0x604
                    0x0604                  _PMDOUT1bits = 0x604
                    0x0606                  PMDOUT2 = 0x606
                    0x0606                  _PMDOUT2 = 0x606
                    0x0608                  PMDIN1 = 0x608
                    0x0608                  _PMDIN1 = 0x608
                    0x060a                  PMDIN2 = 0x60a
                    0x060a                  _PMDIN2 = 0x60a
                    0x060c                  PMAEN = 0x60c
                    0x060c                  _PMAEN = 0x60c
                    0x060c                  _PMAENbits = 0x60c
                    0x060e                  PMSTAT = 0x60e
                    0x060e                  _PMSTAT = 0x60e
                    0x060e                  _PMSTATbits = 0x60e
                    0x0620                  ALRMVAL = 0x620
                    0x0620                  _ALRMVAL = 0x620
                    0x0622                  ALCFGRPT = 0x622
                    0x0622                  _ALCFGRPT = 0x622
                    0x0622                  _ALCFGRPTbits = 0x622
                    0x0624                  RTCVAL = 0x624
                    0x0624                  _RTCVAL = 0x624
                    0x0626                  RCFGCAL = 0x626
                    0x0626                  _RCFGCAL = 0x626
                    0x0626                  _RCFGCALbits = 0x626
                    0x0630                  CMCON = 0x630
                    0x0630                  _CMCON = 0x630
                    0x0630                  _CMCONbits = 0x630
                    0x0632                  CVRCON = 0x632
                    0x0632                  _CVRCON = 0x632
                    0x0632                  _CVRCONbits = 0x632
                    0x0640                  CRCCON = 0x640
                    0x0640                  _CRCCON = 0x640
                    0x0640                  _CRCCONbits = 0x640
                    0x0642                  CRCXOR = 0x642
                    0x0642                  _CRCXOR = 0x642
                    0x0642                  _CRCXORbits = 0x642
                    0x0644                  CRCDAT = 0x644
                    0x0644                  _CRCDAT = 0x644
                    0x0646                  CRCWDAT = 0x646
                    0x0646                  _CRCWDAT = 0x646
                    0x0680                  RPINR0 = 0x680
                    0x0680                  _RPINR0 = 0x680
                    0x0680                  _RPINR0bits = 0x680
                    0x0682                  RPINR1 = 0x682
                    0x0682                  _RPINR1 = 0x682
                    0x0682                  _RPINR1bits = 0x682
                    0x0686                  RPINR3 = 0x686
                    0x0686                  _RPINR3 = 0x686
                    0x0686                  _RPINR3bits = 0x686
                    0x0688                  RPINR4 = 0x688
                    0x0688                  _RPINR4 = 0x688
                    0x0688                  _RPINR4bits = 0x688
                    0x068e                  RPINR7 = 0x68e
                    0x068e                  _RPINR7 = 0x68e
                    0x068e                  _RPINR7bits = 0x68e
                    0x0690                  RPINR8 = 0x690
                    0x0690                  _RPINR8 = 0x690
                    0x0690                  _RPINR8bits = 0x690
                    0x0692                  RPINR9 = 0x692
                    0x0692                  _RPINR9 = 0x692
                    0x0692                  _RPINR9bits = 0x692
                    0x0696                  RPINR11 = 0x696
                    0x0696                  _RPINR11 = 0x696
                    0x0696                  _RPINR11bits = 0x696
                    0x06a4                  RPINR18 = 0x6a4
                    0x06a4                  _RPINR18 = 0x6a4
                    0x06a4                  _RPINR18bits = 0x6a4
                    0x06a6                  RPINR19 = 0x6a6
                    0x06a6                  _RPINR19 = 0x6a6
                    0x06a6                  _RPINR19bits = 0x6a6
                    0x06a8                  RPINR20 = 0x6a8
                    0x06a8                  _RPINR20 = 0x6a8
                    0x06a8                  _RPINR20bits = 0x6a8
                    0x06aa                  RPINR21 = 0x6aa
                    0x06aa                  _RPINR21 = 0x6aa
                    0x06aa                  _RPINR21bits = 0x6aa
                    0x06ac                  RPINR22 = 0x6ac
                    0x06ac                  _RPINR22 = 0x6ac
                    0x06ac                  _RPINR22bits = 0x6ac
                    0x06ae                  RPINR23 = 0x6ae
                    0x06ae                  _RPINR23 = 0x6ae
                    0x06ae                  _RPINR23bits = 0x6ae
                    0x06c0                  RPOR0 = 0x6c0
                    0x06c0                  _RPOR0 = 0x6c0
                    0x06c0                  _RPOR0bits = 0x6c0
                    0x06c2                  RPOR1 = 0x6c2
                    0x06c2                  _RPOR1 = 0x6c2
                    0x06c2                  _RPOR1bits = 0x6c2
                    0x06c4                  RPOR2 = 0x6c4
                    0x06c4                  _RPOR2 = 0x6c4
                    0x06c4                  _RPOR2bits = 0x6c4
                    0x06c6                  RPOR3 = 0x6c6
                    0x06c6                  _RPOR3 = 0x6c6
                    0x06c6                  _RPOR3bits = 0x6c6
                    0x06c8                  RPOR4 = 0x6c8
                    0x06c8                  _RPOR4 = 0x6c8
                    0x06c8                  _RPOR4bits = 0x6c8
                    0x06ca                  RPOR5 = 0x6ca
                    0x06ca                  _RPOR5 = 0x6ca
                    0x06ca                  _RPOR5bits = 0x6ca
                    0x06cc                  RPOR6 = 0x6cc
                    0x06cc                  _RPOR6 = 0x6cc
                    0x06cc                  _RPOR6bits = 0x6cc
                    0x06ce                  RPOR7 = 0x6ce
                    0x06ce                  _RPOR7 = 0x6ce
                    0x06ce                  _RPOR7bits = 0x6ce
                    0x0740                  RCON = 0x740
                    0x0740                  _RCON = 0x740
                    0x0740                  _RCONbits = 0x740
                    0x0742                  OSCCON = 0x742
                    0x0742                  _OSCCON = 0x742
                    0x0742                  _OSCCONbits = 0x742
                    0x0742                  OSCCONL = 0x742
                    0x0742                  _OSCCONL = 0x742
                    0x0743                  OSCCONH = 0x743
                    0x0743                  _OSCCONH = 0x743
                    0x0744                  CLKDIV = 0x744
                    0x0744                  _CLKDIV = 0x744
                    0x0744                  _CLKDIVbits = 0x744
                    0x0748                  OSCTUN = 0x748
                    0x0748                  _OSCTUN = 0x748
                    0x0748                  _OSCTUNbits = 0x748
                    0x0760                  NVMCON = 0x760
                    0x0760                  _NVMCON = 0x760
                    0x0760                  _NVMCONbits = 0x760
                    0x0766                  NVMKEY = 0x766
                    0x0766                  _NVMKEY = 0x766
                    0x0770                  PMD1 = 0x770
                    0x0770                  _PMD1 = 0x770
                    0x0770                  _PMD1bits = 0x770
                    0x0772                  PMD2 = 0x772
                    0x0772                  _PMD2 = 0x772
                    0x0772                  _PMD2bits = 0x772
                    0x0774                  PMD3 = 0x774
                    0x0774                  _PMD3 = 0x774
                    0x0774                  _PMD3bits = 0x774
                    0x0140                  IC1 = 0x140
                    0x0140                  _IC1 = 0x140
                    0x0144                  IC2 = 0x144
                    0x0144                  _IC2 = 0x144
                    0x0148                  IC3 = 0x148
                    0x0148                  _IC3 = 0x148
                    0x014c                  IC4 = 0x14c
                    0x014c                  _IC4 = 0x14c
                    0x0150                  IC5 = 0x150
                    0x0150                  _IC5 = 0x150
                    0x0180                  OC1 = 0x180
                    0x0180                  _OC1 = 0x180
                    0x0186                  OC2 = 0x186
                    0x0186                  _OC2 = 0x186
                    0x018c                  OC3 = 0x18c
                    0x018c                  _OC3 = 0x18c
                    0x0192                  OC4 = 0x192
                    0x0192                  _OC4 = 0x192
                    0x0198                  OC5 = 0x198
                    0x0198                  _OC5 = 0x198
                    0x0240                  SPI1 = 0x240
                    0x0240                  _SPI1 = 0x240
                    0x0260                  SPI2 = 0x260
                    0x0260                  _SPI2 = 0x260
                    0x0220                  UART1 = 0x220
                    0x0220                  _UART1 = 0x220
                    0x0230                  UART2 = 0x230
                    0x0230                  _UART2 = 0x230
START GROUP
LOAD /opt/microchip/xc16/v2.10/bin/bin/../../lib/libc99-pic30-elf.a
LOAD /opt/microchip/xc16/v2.10/bin/bin/../../lib/libm-elf.a
LOAD /opt/microchip/xc16/v2.10/bin/bin/../../lib/libc99-elf.a
END GROUP
OUTPUT(/root/Dropbox/EMIC/TARGETS/luciano.rottoli__rfindustrial.com/PruebasModulos/HDR_E-CRYS-B_HYT_1/dist/production/target.production.elf elf32-pic30)
LOAD jump_table
LOAD default_isr
LOAD data_init

__c30_signature
                  0x000480        0x22e
 __c30_signature
                  0x000480          0x6 /root/Dropbox/EMIC/TARGETS/luciano.rottoli__rfindustrial.com/PruebasModulos/HDR_E-CRYS-B_HYT_1/build/default/production/timer.o
 __c30_signature
                  0x000486          0x6 /root/Dropbox/EMIC/TARGETS/luciano.rottoli__rfindustrial.com/PruebasModulos/HDR_E-CRYS-B_HYT_1/build/default/production/systemTimer.o
 __c30_signature
                  0x00048c          0x6 /root/Dropbox/EMIC/TARGETS/luciano.rottoli__rfindustrial.com/PruebasModulos/HDR_E-CRYS-B_HYT_1/build/default/production/led_Led1.o
 __c30_signature
                  0x000492          0x6 /root/Dropbox/EMIC/TARGETS/luciano.rottoli__rfindustrial.com/PruebasModulos/HDR_E-CRYS-B_HYT_1/build/default/production/led_Led2.o
 __c30_signature
                  0x000498          0x6 /root/Dropbox/EMIC/TARGETS/luciano.rottoli__rfindustrial.com/PruebasModulos/HDR_E-CRYS-B_HYT_1/build/default/production/led_Led3.o
 __c30_signature
                  0x00049e          0x6 /root/Dropbox/EMIC/TARGETS/luciano.rottoli__rfindustrial.com/PruebasModulos/HDR_E-CRYS-B_HYT_1/build/default/production/timer_api1.o
 __c30_signature
                  0x0004a4          0x6 /root/Dropbox/EMIC/TARGETS/luciano.rottoli__rfindustrial.com/PruebasModulos/HDR_E-CRYS-B_HYT_1/build/default/production/streamIn.o
 __c30_signature
                  0x0004aa          0x6 /root/Dropbox/EMIC/TARGETS/luciano.rottoli__rfindustrial.com/PruebasModulos/HDR_E-CRYS-B_HYT_1/build/default/production/UART1.o
 __c30_signature
                  0x0004b0          0x6 /root/Dropbox/EMIC/TARGETS/luciano.rottoli__rfindustrial.com/PruebasModulos/HDR_E-CRYS-B_HYT_1/build/default/production/stream.o
 __c30_signature
                  0x0004b6          0x6 /root/Dropbox/EMIC/TARGETS/luciano.rottoli__rfindustrial.com/PruebasModulos/HDR_E-CRYS-B_HYT_1/build/default/production/Transport.o
 __c30_signature
                  0x0004bc          0x6 /root/Dropbox/EMIC/TARGETS/luciano.rottoli__rfindustrial.com/PruebasModulos/HDR_E-CRYS-B_HYT_1/build/default/production/EmicFieldBus.o
 __c30_signature
                  0x0004c2          0x6 /root/Dropbox/EMIC/TARGETS/luciano.rottoli__rfindustrial.com/PruebasModulos/HDR_E-CRYS-B_HYT_1/build/default/production/dht_comm.o
 __c30_signature
                  0x0004c8          0x6 /root/Dropbox/EMIC/TARGETS/luciano.rottoli__rfindustrial.com/PruebasModulos/HDR_E-CRYS-B_HYT_1/build/default/production/HyT.o
 __c30_signature
                  0x0004ce          0x6 /root/Dropbox/EMIC/TARGETS/luciano.rottoli__rfindustrial.com/PruebasModulos/HDR_E-CRYS-B_HYT_1/build/default/production/main.o
 __c30_signature
                  0x0004d4          0x6 /root/Dropbox/EMIC/TARGETS/luciano.rottoli__rfindustrial.com/PruebasModulos/HDR_E-CRYS-B_HYT_1/build/default/production/userFncFile.o
 __c30_signature
                  0x0004da          0x6 /opt/microchip/xc16/v2.10/bin/bin/../../lib/libc99-pic30-elf.a(crt0_standard.o)
 __c30_signature
                  0x0004e0          0x6 /opt/microchip/xc16/v2.10/bin/bin/../../lib/libc99-pic30-elf.a(data_init_standard.o)
 __c30_signature
                  0x0004e6          0x6 /opt/microchip/xc16/v2.10/bin/bin/../../lib/libc99-pic30-elf.a(floatunsisf.XX_o)
 __c30_signature
                  0x0004ec          0x6 /opt/microchip/xc16/v2.10/bin/bin/../../lib/libc99-pic30-elf.a(udivsi3.XX_o)
 __c30_signature
                  0x0004f2          0x6 /opt/microchip/xc16/v2.10/bin/bin/../../lib/libc99-pic30-elf.a(floatundisf.XX_o)
 __c30_signature
                  0x0004f8          0x6 /opt/microchip/xc16/v2.10/bin/bin/../../lib/libc99-pic30-elf.a(fpack.XX_o)
 __c30_signature
                  0x0004fe          0x6 /opt/microchip/xc16/v2.10/bin/bin/../../lib/libc99-elf.a(__sio_sprintf_f.XX_o)
 __c30_signature
                  0x000504          0x6 /opt/microchip/xc16/v2.10/bin/bin/../../lib/libc99-elf.a(atof.XX_o)
 __c30_signature
                  0x00050a          0x6 /opt/microchip/xc16/v2.10/bin/bin/../../lib/libc99-elf.a(atoi.XX_o)
 __c30_signature
                  0x000510          0x6 /opt/microchip/xc16/v2.10/bin/bin/../../lib/libc99-elf.a(atol.XX_o)
 __c30_signature
                  0x000516          0x6 /opt/microchip/xc16/v2.10/bin/bin/../../lib/libc99-elf.a(atoll.XX_o)
 __c30_signature
                  0x00051c          0x6 /opt/microchip/xc16/v2.10/bin/bin/../../lib/libc99-elf.a(memset.XX_o)
 __c30_signature
                  0x000522          0x6 /opt/microchip/xc16/v2.10/bin/bin/../../lib/libc99-elf.a(snprintf.XX_o)
 __c30_signature
                  0x000528          0x6 /opt/microchip/xc16/v2.10/bin/bin/../../lib/libc99-elf.a(strtod.XX_o)
 __c30_signature
                  0x00052e          0x6 /opt/microchip/xc16/v2.10/bin/bin/../../lib/libc99-elf.a(vsnprintf.XX_o)
 __c30_signature
                  0x000534          0x6 /opt/microchip/xc16/v2.10/bin/bin/../../lib/libc99-elf.a(__errno_location.XX_o)
 __c30_signature
                  0x00053a          0x6 /opt/microchip/xc16/v2.10/bin/bin/../../lib/libc99-elf.a(__fmt_fp.XX_o)
 __c30_signature
                  0x000540          0x6 /opt/microchip/xc16/v2.10/bin/bin/../../lib/libc99-elf.a(__int_vsprintf.XX_o)
 __c30_signature
                  0x000546          0x6 /opt/microchip/xc16/v2.10/bin/bin/../../lib/libc99-elf.a(__pop_float.XX_o)
 __c30_signature
                  0x00054c          0x6 /opt/microchip/xc16/v2.10/bin/bin/../../lib/libc99-elf.a(__printf_core.XX_o)
 __c30_signature
                  0x000552          0x6 /opt/microchip/xc16/v2.10/bin/bin/../../lib/libc99-elf.a(floatscan.XX_o)
 __c30_signature
                  0x000558          0x6 /opt/microchip/xc16/v2.10/bin/bin/../../lib/libc99-elf.a(memcpy.XX_o)
 __c30_signature
                  0x00055e          0x6 /opt/microchip/xc16/v2.10/bin/bin/../../lib/libc99-elf.a(shgetc.XX_o)
 __c30_signature
                  0x000564          0x6 /opt/microchip/xc16/v2.10/bin/bin/../../lib/libc99-elf.a(strcpy.XX_o)
 __c30_signature
                  0x00056a          0x6 /opt/microchip/xc16/v2.10/bin/bin/../../lib/libc99-elf.a(strlen.XX_o)
 __c30_signature
                  0x000570          0x6 /opt/microchip/xc16/v2.10/bin/bin/../../lib/libc99-elf.a(tolower.XX_o)
 __c30_signature
                  0x000576          0x6 /opt/microchip/xc16/v2.10/bin/bin/../../lib/libc99-elf.a(vfprintf.XX_o)
 __c30_signature
                  0x00057c          0x6 /opt/microchip/xc16/v2.10/bin/bin/../../lib/libc99-elf.a(__int_vsnprintf.XX_o)
 __c30_signature
                  0x000582          0x6 /opt/microchip/xc16/v2.10/bin/bin/../../lib/libc99-elf.a(__io_fmt_needed.XX_o)
 __c30_signature
                  0x000588          0x6 /opt/microchip/xc16/v2.10/bin/bin/../../lib/libc99-elf.a(__pop_int.XX_o)
 __c30_signature
                  0x00058e          0x6 /opt/microchip/xc16/v2.10/bin/bin/../../lib/libc99-elf.a(__pop_ptr.XX_o)
 __c30_signature
                  0x000594          0x6 /opt/microchip/xc16/v2.10/bin/bin/../../lib/libc99-elf.a(__uflow.XX_o)
 __c30_signature
                  0x00059a          0x6 /opt/microchip/xc16/v2.10/bin/bin/../../lib/libc99-elf.a(stpcpy.XX_o)
 __c30_signature
                  0x0005a0          0x6 /opt/microchip/xc16/v2.10/bin/bin/../../lib/libc99-elf.a(__fmt_a.XX_o)
 __c30_signature
                  0x0005a6          0x6 /opt/microchip/xc16/v2.10/bin/bin/../../lib/libc99-elf.a(__fmt_d.XX_o)
 __c30_signature
                  0x0005ac          0x6 /opt/microchip/xc16/v2.10/bin/bin/../../lib/libc99-elf.a(__fmt_o.XX_o)
 __c30_signature
                  0x0005b2          0x6 /opt/microchip/xc16/v2.10/bin/bin/../../lib/libc99-elf.a(__fmt_s.XX_o)
 __c30_signature
                  0x0005b8          0x6 /opt/microchip/xc16/v2.10/bin/bin/../../lib/libc99-elf.a(__fmt_u.XX_o)
 __c30_signature
                  0x0005be          0x6 /opt/microchip/xc16/v2.10/bin/bin/../../lib/libc99-elf.a(__fmt_x.XX_o)
 __c30_signature
                  0x0005c4          0x6 /opt/microchip/xc16/v2.10/bin/bin/../../lib/libc99-elf.a(__int_vfprintf.XX_o)
 __c30_signature
                  0x0005ca          0x6 /opt/microchip/xc16/v2.10/bin/bin/../../lib/libc99-elf.a(__toread.XX_o)
 __c30_signature
                  0x0005d0          0x6 /opt/microchip/xc16/v2.10/bin/bin/../../lib/libc99-elf.a(toupper.XX_o)
 __c30_signature
                  0x0005d6          0x6 /opt/microchip/xc16/v2.10/bin/bin/../../lib/libc99-elf.a(__stdio_exit.XX_o)
 __c30_signature
                  0x0005dc          0x6 /opt/microchip/xc16/v2.10/bin/bin/../../lib/libc99-pic30-elf.a(deqltle.XX_o)
 __c30_signature
                  0x0005e2          0x6 /opt/microchip/xc16/v2.10/bin/bin/../../lib/libc99-pic30-elf.a(dgtge.XX_o)
 __c30_signature
                  0x0005e8          0x6 /opt/microchip/xc16/v2.10/bin/bin/../../lib/libc99-pic30-elf.a(divsi3.XX_o)
 __c30_signature
                  0x0005ee          0x6 /opt/microchip/xc16/v2.10/bin/bin/../../lib/libc99-pic30-elf.a(dne.XX_o)
 __c30_signature
                  0x0005f4          0x6 /opt/microchip/xc16/v2.10/bin/bin/../../lib/libc99-pic30-elf.a(extendsfdf.XX_o)
 __c30_signature
                  0x0005fa          0x6 /opt/microchip/xc16/v2.10/bin/bin/../../lib/libc99-pic30-elf.a(fixdfsi.XX_o)
 __c30_signature
                  0x000600          0x6 /opt/microchip/xc16/v2.10/bin/bin/../../lib/libc99-pic30-elf.a(floatsidf.XX_o)
 __c30_signature
                  0x000606          0x6 /opt/microchip/xc16/v2.10/bin/bin/../../lib/libc99-pic30-elf.a(floatsisf.XX_o)
 __c30_signature
                  0x00060c          0x6 /opt/microchip/xc16/v2.10/bin/bin/../../lib/libc99-pic30-elf.a(floatunsidf.XX_o)
 __c30_signature
                  0x000612          0x6 /opt/microchip/xc16/v2.10/bin/bin/../../lib/libc99-pic30-elf.a(funpack.XX_o)
 __c30_signature
                  0x000618          0x6 /opt/microchip/xc16/v2.10/bin/bin/../../lib/libc99-pic30-elf.a(truncdfsf.XX_o)
 __c30_signature
                  0x00061e          0x6 /opt/microchip/xc16/v2.10/bin/bin/../../lib/libc99-pic30-elf.a(umodsi3.XX_o)
 __c30_signature
                  0x000624          0x6 /opt/microchip/xc16/v2.10/bin/bin/../../lib/libc99-pic30-elf.a(mulsi3.XX_o)
 __c30_signature
                  0x00062a          0x6 /opt/microchip/xc16/v2.10/bin/bin/../../lib/libc99-pic30-elf.a(dpadd.XX_o)
 __c30_signature
                  0x000630          0x6 /opt/microchip/xc16/v2.10/bin/bin/../../lib/libc99-pic30-elf.a(dpdiv.XX_o)
 __c30_signature
                  0x000636          0x6 /opt/microchip/xc16/v2.10/bin/bin/../../lib/libc99-pic30-elf.a(dpmul.XX_o)
 __c30_signature
                  0x00063c          0x6 /opt/microchip/xc16/v2.10/bin/bin/../../lib/libc99-pic30-elf.a(dpsubs.XX_o)
 __c30_signature
                  0x000642          0x6 /opt/microchip/xc16/v2.10/bin/bin/../../lib/libc99-pic30-elf.a(divmoddi3.XX_o)
 __c30_signature
                  0x000648          0x6 /opt/microchip/xc16/v2.10/bin/bin/../../lib/libc99-pic30-elf.a(muldi3.XX_o)
 __c30_signature
                  0x00064e          0x6 /opt/microchip/xc16/v2.10/bin/bin/../../lib/libc99-pic30-elf.a(dcompare.XX_o)
 __c30_signature
                  0x000654          0x6 /opt/microchip/xc16/v2.10/bin/bin/../../lib/libc99-pic30-elf.a(dtype.XX_o)
 __c30_signature
                  0x00065a          0x6 /opt/microchip/xc16/v2.10/bin/bin/../../lib/libc99-pic30-elf.a(dunpack.XX_o)
 __c30_signature
                  0x000660          0x6 /opt/microchip/xc16/v2.10/bin/bin/../../lib/libc99-pic30-elf.a(dunpack2.XX_o)
 __c30_signature
                  0x000666          0x6 /opt/microchip/xc16/v2.10/bin/bin/../../lib/libc99-pic30-elf.a(floatdidf.XX_o)
 __c30_signature
                  0x00066c          0x6 /opt/microchip/xc16/v2.10/bin/bin/../../lib/libc99-pic30-elf.a(floatdisf.XX_o)
 __c30_signature
                  0x000672          0x6 /opt/microchip/xc16/v2.10/bin/bin/../../lib/libc99-pic30-elf.a(floatundidf.XX_o)
 __c30_signature
                  0x000678          0x6 /opt/microchip/xc16/v2.10/bin/bin/../../lib/libc99-pic30-elf.a(umuldi3.XX_o)
 __c30_signature
                  0x00067e          0x6 /opt/microchip/xc16/v2.10/bin/bin/../../lib/libc99-pic30-elf.a(dpack.XX_o)
 __c30_signature
                  0x000684          0x6 /opt/microchip/xc16/v2.10/bin/bin/../../lib/libc99-pic30-elf.a(dpropagateNaN.XX_o)
 __c30_signature
                  0x00068a          0x6 /opt/microchip/xc16/v2.10/bin/bin/../../lib/libm-elf.a(copysignl.XX_o)
 __c30_signature
                  0x000690          0x6 /opt/microchip/xc16/v2.10/bin/bin/../../lib/libm-elf.a(fabsl.XX_o)
 __c30_signature
                  0x000696          0x6 /opt/microchip/xc16/v2.10/bin/bin/../../lib/libm-elf.a(floorl.XX_o)
 __c30_signature
                  0x00069c          0x6 /opt/microchip/xc16/v2.10/bin/bin/../../lib/libm-elf.a(fmodl.XX_o)
 __c30_signature
                  0x0006a2          0x6 /opt/microchip/xc16/v2.10/bin/bin/../../lib/libm-elf.a(scalbnf.XX_o)
 __c30_signature
                  0x0006a8          0x6 /opt/microchip/xc16/v2.10/bin/bin/../../lib/libm-elf.a(scalbnl.XX_o)

__xc_reference_data

.nbss               0x0800         0x64
 .nbss              0x0800         0x24 /root/Dropbox/EMIC/TARGETS/luciano.rottoli__rfindustrial.com/PruebasModulos/HDR_E-CRYS-B_HYT_1/build/default/production/dht_comm.o
                    0x0800                  _dht_shift
                    0x0808                  _dht_bitStart
                    0x080c                  _dht_bitStop
                    0x0810                  _Curr_State
                    0x0812                  _dht_dataReceived
                    0x0813                  _dht_receivedBit
                    0x0814                  _dht_firstInit
                    0x0816                  _lowPulseDuration
                    0x0818                  _dht_firstInitTime
                    0x081c                  _dht_initTime
                    0x0820                  _dht_receivingInitTime
 .nbss              0x0824          0xc /root/Dropbox/EMIC/TARGETS/luciano.rottoli__rfindustrial.com/PruebasModulos/HDR_E-CRYS-B_HYT_1/build/default/production/HyT.o
                    0x0824                  _HyT_lastTime
                    0x0828                  _Humidity